[    0.000000] Linux version 6.8.0-60-generic (buildd@lcy02-amd64-098) (x86_64-linux-gnu-gcc-12 (Ubuntu 12.3.0-1ubuntu1~22.04) 12.3.0, GNU ld (GNU Binutils for Ubuntu) 2.38) #63~22.04.1-Ubuntu SMP PREEMPT_DYNAMIC Tue Apr 22 19:00:15 UTC 2 (Ubuntu 6.8.0-60.63~22.04.1-generic 6.8.12)
[    0.000000] Command line: BOOT_IMAGE=/boot/vmlinuz-6.8.0-60-generic root=UUID=2016e112-02d1-492d-8396-350454aaa80d ro find_preseed=/preseed.cfg auto noprompt priority=critical locale=en_US quiet splash
[    0.000000] KERNEL supported cpus:
[    0.000000]   Intel GenuineIntel
[    0.000000]   AMD AuthenticAMD
[    0.000000]   Hygon HygonGenuine
[    0.000000]   Centaur CentaurHauls
[    0.000000]   zhaoxin   Shanghai  
[    0.000000] BIOS-provided physical RAM map:
[    0.000000] BIOS-e820: [mem 0x0000000000000000-0x000000000009e7ff] usable
[    0.000000] BIOS-e820: [mem 0x000000000009e800-0x000000000009ffff] reserved
[    0.000000] BIOS-e820: [mem 0x00000000000dc000-0x00000000000fffff] reserved
[    0.000000] BIOS-e820: [mem 0x0000000000100000-0x00000000bfecffff] usable
[    0.000000] BIOS-e820: [mem 0x00000000bfed0000-0x00000000bfefefff] ACPI data
[    0.000000] BIOS-e820: [mem 0x00000000bfeff000-0x00000000bfefffff] ACPI NVS
[    0.000000] BIOS-e820: [mem 0x00000000bff00000-0x00000000bfffffff] usable
[    0.000000] BIOS-e820: [mem 0x00000000f0000000-0x00000000f7ffffff] reserved
[    0.000000] BIOS-e820: [mem 0x00000000fec00000-0x00000000fec0ffff] reserved
[    0.000000] BIOS-e820: [mem 0x00000000fee00000-0x00000000fee00fff] reserved
[    0.000000] BIOS-e820: [mem 0x00000000fffe0000-0x00000000ffffffff] reserved
[    0.000000] BIOS-e820: [mem 0x0000000100000000-0x00000002e3bfffff] usable
[    0.000000] NX (Execute Disable) protection: active
[    0.000000] APIC: Static calls initialized
[    0.000000] SMBIOS 2.7 present.
[    0.000000] DMI: VMware, Inc. VMware Virtual Platform/440BX Desktop Reference Platform, BIOS 6.00 11/12/2020
[    0.000000] vmware: hypercall mode: 0x01
[    0.000000] Hypervisor detected: VMware
[    0.000000] vmware: TSC freq read from hypervisor : 3800.004 MHz
[    0.000000] vmware: Host bus clock speed read from hypervisor : 66000000 Hz
[    0.000000] vmware: using clock offset of 4441885977 ns
[    0.000010] tsc: Detected 3800.004 MHz processor
[    0.001522] e820: update [mem 0x00000000-0x00000fff] usable ==> reserved
[    0.001525] e820: remove [mem 0x000a0000-0x000fffff] usable
[    0.001529] last_pfn = 0x2e3c00 max_arch_pfn = 0x400000000
[    0.001552] total RAM covered: 261120M
[    0.001664]  gran_size: 64K 	chunk_size: 64K 	num_reg: 8  	lose cover RAM: 0G
[    0.001666]  gran_size: 64K 	chunk_size: 128K 	num_reg: 8  	lose cover RAM: 0G
[    0.001668]  gran_size: 64K 	chunk_size: 256K 	num_reg: 8  	lose cover RAM: 0G
[    0.001669]  gran_size: 64K 	chunk_size: 512K 	num_reg: 8  	lose cover RAM: 0G
[    0.001670]  gran_size: 64K 	chunk_size: 1M 	num_reg: 8  	lose cover RAM: 0G
[    0.001671]  gran_size: 64K 	chunk_size: 2M 	num_reg: 8  	lose cover RAM: 0G
[    0.001672]  gran_size: 64K 	chunk_size: 4M 	num_reg: 8  	lose cover RAM: 0G
[    0.001673]  gran_size: 64K 	chunk_size: 8M 	num_reg: 8  	lose cover RAM: 0G
[    0.001674]  gran_size: 64K 	chunk_size: 16M 	num_reg: 8  	lose cover RAM: 0G
[    0.001675]  gran_size: 64K 	chunk_size: 32M 	num_reg: 8  	lose cover RAM: 0G
[    0.001676]  gran_size: 64K 	chunk_size: 64M 	num_reg: 8  	lose cover RAM: 0G
[    0.001677]  gran_size: 64K 	chunk_size: 128M 	num_reg: 8  	lose cover RAM: 0G
[    0.001679]  gran_size: 64K 	chunk_size: 256M 	num_reg: 8  	lose cover RAM: 0G
[    0.001680]  gran_size: 64K 	chunk_size: 512M 	num_reg: 8  	lose cover RAM: 0G
[    0.001681]  gran_size: 64K 	chunk_size: 1G 	num_reg: 8  	lose cover RAM: 0G
[    0.001682]  gran_size: 64K 	chunk_size: 2G 	num_reg: 8  	lose cover RAM: 0G
[    0.001683]  gran_size: 128K 	chunk_size: 128K 	num_reg: 8  	lose cover RAM: 0G
[    0.001684]  gran_size: 128K 	chunk_size: 256K 	num_reg: 8  	lose cover RAM: 0G
[    0.001685]  gran_size: 128K 	chunk_size: 512K 	num_reg: 8  	lose cover RAM: 0G
[    0.001686]  gran_size: 128K 	chunk_size: 1M 	num_reg: 8  	lose cover RAM: 0G
[    0.001687]  gran_size: 128K 	chunk_size: 2M 	num_reg: 8  	lose cover RAM: 0G
[    0.001688]  gran_size: 128K 	chunk_size: 4M 	num_reg: 8  	lose cover RAM: 0G
[    0.001689]  gran_size: 128K 	chunk_size: 8M 	num_reg: 8  	lose cover RAM: 0G
[    0.001690]  gran_size: 128K 	chunk_size: 16M 	num_reg: 8  	lose cover RAM: 0G
[    0.001692]  gran_size: 128K 	chunk_size: 32M 	num_reg: 8  	lose cover RAM: 0G
[    0.001693]  gran_size: 128K 	chunk_size: 64M 	num_reg: 8  	lose cover RAM: 0G
[    0.001694]  gran_size: 128K 	chunk_size: 128M 	num_reg: 8  	lose cover RAM: 0G
[    0.001695]  gran_size: 128K 	chunk_size: 256M 	num_reg: 8  	lose cover RAM: 0G
[    0.001696]  gran_size: 128K 	chunk_size: 512M 	num_reg: 8  	lose cover RAM: 0G
[    0.001697]  gran_size: 128K 	chunk_size: 1G 	num_reg: 8  	lose cover RAM: 0G
[    0.001698]  gran_size: 128K 	chunk_size: 2G 	num_reg: 8  	lose cover RAM: 0G
[    0.001699]  gran_size: 256K 	chunk_size: 256K 	num_reg: 8  	lose cover RAM: 0G
[    0.001700]  gran_size: 256K 	chunk_size: 512K 	num_reg: 8  	lose cover RAM: 0G
[    0.001701]  gran_size: 256K 	chunk_size: 1M 	num_reg: 8  	lose cover RAM: 0G
[    0.001702]  gran_size: 256K 	chunk_size: 2M 	num_reg: 8  	lose cover RAM: 0G
[    0.001703]  gran_size: 256K 	chunk_size: 4M 	num_reg: 8  	lose cover RAM: 0G
[    0.001704]  gran_size: 256K 	chunk_size: 8M 	num_reg: 8  	lose cover RAM: 0G
[    0.001706]  gran_size: 256K 	chunk_size: 16M 	num_reg: 8  	lose cover RAM: 0G
[    0.001707]  gran_size: 256K 	chunk_size: 32M 	num_reg: 8  	lose cover RAM: 0G
[    0.001708]  gran_size: 256K 	chunk_size: 64M 	num_reg: 8  	lose cover RAM: 0G
[    0.001709]  gran_size: 256K 	chunk_size: 128M 	num_reg: 8  	lose cover RAM: 0G
[    0.001710]  gran_size: 256K 	chunk_size: 256M 	num_reg: 8  	lose cover RAM: 0G
[    0.001711]  gran_size: 256K 	chunk_size: 512M 	num_reg: 8  	lose cover RAM: 0G
[    0.001712]  gran_size: 256K 	chunk_size: 1G 	num_reg: 8  	lose cover RAM: 0G
[    0.001713]  gran_size: 256K 	chunk_size: 2G 	num_reg: 8  	lose cover RAM: 0G
[    0.001714]  gran_size: 512K 	chunk_size: 512K 	num_reg: 8  	lose cover RAM: 0G
[    0.001715]  gran_size: 512K 	chunk_size: 1M 	num_reg: 8  	lose cover RAM: 0G
[    0.001716]  gran_size: 512K 	chunk_size: 2M 	num_reg: 8  	lose cover RAM: 0G
[    0.001717]  gran_size: 512K 	chunk_size: 4M 	num_reg: 8  	lose cover RAM: 0G
[    0.001718]  gran_size: 512K 	chunk_size: 8M 	num_reg: 8  	lose cover RAM: 0G
[    0.001719]  gran_size: 512K 	chunk_size: 16M 	num_reg: 8  	lose cover RAM: 0G
[    0.001721]  gran_size: 512K 	chunk_size: 32M 	num_reg: 8  	lose cover RAM: 0G
[    0.001722]  gran_size: 512K 	chunk_size: 64M 	num_reg: 8  	lose cover RAM: 0G
[    0.001723]  gran_size: 512K 	chunk_size: 128M 	num_reg: 8  	lose cover RAM: 0G
[    0.001724]  gran_size: 512K 	chunk_size: 256M 	num_reg: 8  	lose cover RAM: 0G
[    0.001725]  gran_size: 512K 	chunk_size: 512M 	num_reg: 8  	lose cover RAM: 0G
[    0.001726]  gran_size: 512K 	chunk_size: 1G 	num_reg: 8  	lose cover RAM: 0G
[    0.001727]  gran_size: 512K 	chunk_size: 2G 	num_reg: 8  	lose cover RAM: 0G
[    0.001728]  gran_size: 1M 	chunk_size: 1M 	num_reg: 8  	lose cover RAM: 0G
[    0.001729]  gran_size: 1M 	chunk_size: 2M 	num_reg: 8  	lose cover RAM: 0G
[    0.001730]  gran_size: 1M 	chunk_size: 4M 	num_reg: 8  	lose cover RAM: 0G
[    0.001731]  gran_size: 1M 	chunk_size: 8M 	num_reg: 8  	lose cover RAM: 0G
[    0.001732]  gran_size: 1M 	chunk_size: 16M 	num_reg: 8  	lose cover RAM: 0G
[    0.001733]  gran_size: 1M 	chunk_size: 32M 	num_reg: 8  	lose cover RAM: 0G
[    0.001735]  gran_size: 1M 	chunk_size: 64M 	num_reg: 8  	lose cover RAM: 0G
[    0.001736]  gran_size: 1M 	chunk_size: 128M 	num_reg: 8  	lose cover RAM: 0G
[    0.001737]  gran_size: 1M 	chunk_size: 256M 	num_reg: 8  	lose cover RAM: 0G
[    0.001738]  gran_size: 1M 	chunk_size: 512M 	num_reg: 8  	lose cover RAM: 0G
[    0.001739]  gran_size: 1M 	chunk_size: 1G 	num_reg: 8  	lose cover RAM: 0G
[    0.001740]  gran_size: 1M 	chunk_size: 2G 	num_reg: 8  	lose cover RAM: 0G
[    0.001741]  gran_size: 2M 	chunk_size: 2M 	num_reg: 8  	lose cover RAM: 0G
[    0.001742]  gran_size: 2M 	chunk_size: 4M 	num_reg: 8  	lose cover RAM: 0G
[    0.001743]  gran_size: 2M 	chunk_size: 8M 	num_reg: 8  	lose cover RAM: 0G
[    0.001744]  gran_size: 2M 	chunk_size: 16M 	num_reg: 8  	lose cover RAM: 0G
[    0.001745]  gran_size: 2M 	chunk_size: 32M 	num_reg: 8  	lose cover RAM: 0G
[    0.001746]  gran_size: 2M 	chunk_size: 64M 	num_reg: 8  	lose cover RAM: 0G
[    0.001747]  gran_size: 2M 	chunk_size: 128M 	num_reg: 8  	lose cover RAM: 0G
[    0.001748]  gran_size: 2M 	chunk_size: 256M 	num_reg: 8  	lose cover RAM: 0G
[    0.001749]  gran_size: 2M 	chunk_size: 512M 	num_reg: 8  	lose cover RAM: 0G
[    0.001750]  gran_size: 2M 	chunk_size: 1G 	num_reg: 8  	lose cover RAM: 0G
[    0.001752]  gran_size: 2M 	chunk_size: 2G 	num_reg: 8  	lose cover RAM: 0G
[    0.001753]  gran_size: 4M 	chunk_size: 4M 	num_reg: 8  	lose cover RAM: 0G
[    0.001754]  gran_size: 4M 	chunk_size: 8M 	num_reg: 8  	lose cover RAM: 0G
[    0.001755]  gran_size: 4M 	chunk_size: 16M 	num_reg: 8  	lose cover RAM: 0G
[    0.001756]  gran_size: 4M 	chunk_size: 32M 	num_reg: 8  	lose cover RAM: 0G
[    0.001757]  gran_size: 4M 	chunk_size: 64M 	num_reg: 8  	lose cover RAM: 0G
[    0.001758]  gran_size: 4M 	chunk_size: 128M 	num_reg: 8  	lose cover RAM: 0G
[    0.001759]  gran_size: 4M 	chunk_size: 256M 	num_reg: 8  	lose cover RAM: 0G
[    0.001760]  gran_size: 4M 	chunk_size: 512M 	num_reg: 8  	lose cover RAM: 0G
[    0.001761]  gran_size: 4M 	chunk_size: 1G 	num_reg: 8  	lose cover RAM: 0G
[    0.001762]  gran_size: 4M 	chunk_size: 2G 	num_reg: 8  	lose cover RAM: 0G
[    0.001763]  gran_size: 8M 	chunk_size: 8M 	num_reg: 8  	lose cover RAM: 0G
[    0.001764]  gran_size: 8M 	chunk_size: 16M 	num_reg: 8  	lose cover RAM: 0G
[    0.001765]  gran_size: 8M 	chunk_size: 32M 	num_reg: 8  	lose cover RAM: 0G
[    0.001766]  gran_size: 8M 	chunk_size: 64M 	num_reg: 8  	lose cover RAM: 0G
[    0.001767]  gran_size: 8M 	chunk_size: 128M 	num_reg: 8  	lose cover RAM: 0G
[    0.001768]  gran_size: 8M 	chunk_size: 256M 	num_reg: 8  	lose cover RAM: 0G
[    0.001770]  gran_size: 8M 	chunk_size: 512M 	num_reg: 8  	lose cover RAM: 0G
[    0.001771]  gran_size: 8M 	chunk_size: 1G 	num_reg: 8  	lose cover RAM: 0G
[    0.001772]  gran_size: 8M 	chunk_size: 2G 	num_reg: 8  	lose cover RAM: 0G
[    0.001773]  gran_size: 16M 	chunk_size: 16M 	num_reg: 8  	lose cover RAM: 0G
[    0.001774]  gran_size: 16M 	chunk_size: 32M 	num_reg: 8  	lose cover RAM: 0G
[    0.001775]  gran_size: 16M 	chunk_size: 64M 	num_reg: 8  	lose cover RAM: 0G
[    0.001776]  gran_size: 16M 	chunk_size: 128M 	num_reg: 8  	lose cover RAM: 0G
[    0.001777]  gran_size: 16M 	chunk_size: 256M 	num_reg: 8  	lose cover RAM: 0G
[    0.001778]  gran_size: 16M 	chunk_size: 512M 	num_reg: 8  	lose cover RAM: 0G
[    0.001779]  gran_size: 16M 	chunk_size: 1G 	num_reg: 8  	lose cover RAM: 0G
[    0.001780]  gran_size: 16M 	chunk_size: 2G 	num_reg: 8  	lose cover RAM: 0G
[    0.001781]  gran_size: 32M 	chunk_size: 32M 	num_reg: 8  	lose cover RAM: 0G
[    0.001783]  gran_size: 32M 	chunk_size: 64M 	num_reg: 8  	lose cover RAM: 0G
[    0.001784]  gran_size: 32M 	chunk_size: 128M 	num_reg: 8  	lose cover RAM: 0G
[    0.001785]  gran_size: 32M 	chunk_size: 256M 	num_reg: 8  	lose cover RAM: 0G
[    0.001786]  gran_size: 32M 	chunk_size: 512M 	num_reg: 8  	lose cover RAM: 0G
[    0.001787]  gran_size: 32M 	chunk_size: 1G 	num_reg: 8  	lose cover RAM: 0G
[    0.001788]  gran_size: 32M 	chunk_size: 2G 	num_reg: 8  	lose cover RAM: 0G
[    0.001789]  gran_size: 64M 	chunk_size: 64M 	num_reg: 8  	lose cover RAM: 0G
[    0.001790]  gran_size: 64M 	chunk_size: 128M 	num_reg: 8  	lose cover RAM: 0G
[    0.001791]  gran_size: 64M 	chunk_size: 256M 	num_reg: 8  	lose cover RAM: 0G
[    0.001792]  gran_size: 64M 	chunk_size: 512M 	num_reg: 8  	lose cover RAM: 0G
[    0.001793]  gran_size: 64M 	chunk_size: 1G 	num_reg: 8  	lose cover RAM: 0G
[    0.001794]  gran_size: 64M 	chunk_size: 2G 	num_reg: 8  	lose cover RAM: 0G
[    0.001795]  gran_size: 128M 	chunk_size: 128M 	num_reg: 8  	lose cover RAM: 0G
[    0.001796]  gran_size: 128M 	chunk_size: 256M 	num_reg: 8  	lose cover RAM: 0G
[    0.001798]  gran_size: 128M 	chunk_size: 512M 	num_reg: 8  	lose cover RAM: 0G
[    0.001799]  gran_size: 128M 	chunk_size: 1G 	num_reg: 8  	lose cover RAM: 0G
[    0.001800]  gran_size: 128M 	chunk_size: 2G 	num_reg: 8  	lose cover RAM: 0G
[    0.001801]  gran_size: 256M 	chunk_size: 256M 	num_reg: 8  	lose cover RAM: 0G
[    0.001802]  gran_size: 256M 	chunk_size: 512M 	num_reg: 8  	lose cover RAM: 0G
[    0.001803]  gran_size: 256M 	chunk_size: 1G 	num_reg: 8  	lose cover RAM: 0G
[    0.001804]  gran_size: 256M 	chunk_size: 2G 	num_reg: 8  	lose cover RAM: 0G
[    0.001805]  gran_size: 512M 	chunk_size: 512M 	num_reg: 8  	lose cover RAM: 0G
[    0.001806]  gran_size: 512M 	chunk_size: 1G 	num_reg: 8  	lose cover RAM: 0G
[    0.001807]  gran_size: 512M 	chunk_size: 2G 	num_reg: 8  	lose cover RAM: 0G
[    0.001808]  gran_size: 1G 	chunk_size: 1G 	num_reg: 8  	lose cover RAM: 0G
[    0.001809]  gran_size: 1G 	chunk_size: 2G 	num_reg: 8  	lose cover RAM: 0G
[    0.001810]  gran_size: 2G 	chunk_size: 2G 	num_reg: 7  	lose cover RAM: 1G
[    0.001812] mtrr_cleanup: can not find optimal value
[    0.001812] please specify mtrr_gran_size/mtrr_chunk_size
[    0.001813] MTRR map: 8 entries (5 fixed + 3 variable; max 21), built from 8 variable MTRRs
[    0.001816] x86/PAT: Configuration [0-7]: WB  WC  UC- UC  WB  WP  UC- WT  
[    0.001847] e820: update [mem 0xc0000000-0xffffffff] usable ==> reserved
[    0.001855] last_pfn = 0xc0000 max_arch_pfn = 0x400000000
[    0.004031] found SMP MP-table at [mem 0x000f6a70-0x000f6a7f]
[    0.004040] Using GB pages for direct mapping
[    0.004232] RAMDISK: [mem 0x2ec8b000-0x3363cfff]
[    0.004238] ACPI: Early table checksum verification disabled
[    0.004240] ACPI: RSDP 0x00000000000F6A00 000024 (v02 PTLTD )
[    0.004244] ACPI: XSDT 0x00000000BFEDB633 00005C (v01 INTEL  440BX    06040000 VMW  01324272)
[    0.004248] ACPI: FACP 0x00000000BFEFEE73 0000F4 (v04 INTEL  440BX    06040000 PTL  000F4240)
[    0.004254] ACPI: DSDT 0x00000000BFEDD001 021E72 (v01 PTLTD  Custom   06040000 MSFT 03000001)
[    0.004258] ACPI: FACS 0x00000000BFEFFFC0 000040
[    0.004260] ACPI: FACS 0x00000000BFEFFFC0 000040
[    0.004262] ACPI: BOOT 0x00000000BFEDCFB4 000028 (v01 PTLTD  $SBFTBL$ 06040000  LTP 00000001)
[    0.004265] ACPI: APIC 0x00000000BFEDC872 000742 (v01 PTLTD  ? APIC   06040000  LTP 00000000)
[    0.004267] ACPI: MCFG 0x00000000BFEDC836 00003C (v01 PTLTD  $PCITBL$ 06040000  LTP 00000001)
[    0.004269] ACPI: SRAT 0x00000000BFEDB72F 0008D0 (v02 VMWARE MEMPLUG  06040000 VMW  00000001)
[    0.004272] ACPI: HPET 0x00000000BFEDB6F7 000038 (v01 VMWARE VMW HPET 06040000 VMW  00000001)
[    0.004274] ACPI: WAET 0x00000000BFEDB6CF 000028 (v01 VMWARE VMW WAET 06040000 VMW  00000001)
[    0.004276] ACPI: Reserving FACP table memory at [mem 0xbfefee73-0xbfefef66]
[    0.004277] ACPI: Reserving DSDT table memory at [mem 0xbfedd001-0xbfefee72]
[    0.004278] ACPI: Reserving FACS table memory at [mem 0xbfefffc0-0xbfefffff]
[    0.004278] ACPI: Reserving FACS table memory at [mem 0xbfefffc0-0xbfefffff]
[    0.004279] ACPI: Reserving BOOT table memory at [mem 0xbfedcfb4-0xbfedcfdb]
[    0.004280] ACPI: Reserving APIC table memory at [mem 0xbfedc872-0xbfedcfb3]
[    0.004280] ACPI: Reserving MCFG table memory at [mem 0xbfedc836-0xbfedc871]
[    0.004281] ACPI: Reserving SRAT table memory at [mem 0xbfedb72f-0xbfedbffe]
[    0.004282] ACPI: Reserving HPET table memory at [mem 0xbfedb6f7-0xbfedb72e]
[    0.004282] ACPI: Reserving WAET table memory at [mem 0xbfedb6cf-0xbfedb6f6]
[    0.004344] SRAT: PXM 0 -> APIC 0x00 -> Node 0
[    0.004345] SRAT: PXM 0 -> APIC 0x01 -> Node 0
[    0.004346] SRAT: PXM 0 -> APIC 0x02 -> Node 0
[    0.004346] SRAT: PXM 0 -> APIC 0x04 -> Node 0
[    0.004347] SRAT: PXM 0 -> APIC 0x05 -> Node 0
[    0.004348] SRAT: PXM 0 -> APIC 0x06 -> Node 0
[    0.004348] SRAT: PXM 0 -> APIC 0x08 -> Node 0
[    0.004349] SRAT: PXM 0 -> APIC 0x09 -> Node 0
[    0.004349] SRAT: PXM 0 -> APIC 0x0a -> Node 0
[    0.004350] SRAT: PXM 0 -> APIC 0x0c -> Node 0
[    0.004351] SRAT: PXM 0 -> APIC 0x0d -> Node 0
[    0.004351] SRAT: PXM 0 -> APIC 0x0e -> Node 0
[    0.004352] SRAT: PXM 0 -> APIC 0x10 -> Node 0
[    0.004353] SRAT: PXM 0 -> APIC 0x11 -> Node 0
[    0.004353] SRAT: PXM 0 -> APIC 0x12 -> Node 0
[    0.004354] SRAT: PXM 0 -> APIC 0x14 -> Node 0
[    0.004354] SRAT: PXM 0 -> APIC 0x15 -> Node 0
[    0.004355] SRAT: PXM 0 -> APIC 0x16 -> Node 0
[    0.004356] SRAT: PXM 0 -> APIC 0x18 -> Node 0
[    0.004356] SRAT: PXM 0 -> APIC 0x19 -> Node 0
[    0.004357] SRAT: PXM 0 -> APIC 0x1a -> Node 0
[    0.004357] SRAT: PXM 0 -> APIC 0x1c -> Node 0
[    0.004358] SRAT: PXM 0 -> APIC 0x1d -> Node 0
[    0.004359] SRAT: PXM 0 -> APIC 0x1e -> Node 0
[    0.004359] SRAT: PXM 0 -> APIC 0x20 -> Node 0
[    0.004360] SRAT: PXM 0 -> APIC 0x21 -> Node 0
[    0.004361] SRAT: PXM 0 -> APIC 0x22 -> Node 0
[    0.004361] SRAT: PXM 0 -> APIC 0x24 -> Node 0
[    0.004362] SRAT: PXM 0 -> APIC 0x25 -> Node 0
[    0.004362] SRAT: PXM 0 -> APIC 0x26 -> Node 0
[    0.004363] SRAT: PXM 0 -> APIC 0x28 -> Node 0
[    0.004364] SRAT: PXM 0 -> APIC 0x29 -> Node 0
[    0.004364] SRAT: PXM 0 -> APIC 0x2a -> Node 0
[    0.004365] SRAT: PXM 0 -> APIC 0x2c -> Node 0
[    0.004365] SRAT: PXM 0 -> APIC 0x2d -> Node 0
[    0.004366] SRAT: PXM 0 -> APIC 0x2e -> Node 0
[    0.004367] SRAT: PXM 0 -> APIC 0x30 -> Node 0
[    0.004367] SRAT: PXM 0 -> APIC 0x31 -> Node 0
[    0.004368] SRAT: PXM 0 -> APIC 0x32 -> Node 0
[    0.004368] SRAT: PXM 0 -> APIC 0x34 -> Node 0
[    0.004369] SRAT: PXM 0 -> APIC 0x35 -> Node 0
[    0.004370] SRAT: PXM 0 -> APIC 0x36 -> Node 0
[    0.004370] SRAT: PXM 0 -> APIC 0x38 -> Node 0
[    0.004371] SRAT: PXM 0 -> APIC 0x39 -> Node 0
[    0.004371] SRAT: PXM 0 -> APIC 0x3a -> Node 0
[    0.004372] SRAT: PXM 0 -> APIC 0x3c -> Node 0
[    0.004373] SRAT: PXM 0 -> APIC 0x3d -> Node 0
[    0.004373] SRAT: PXM 0 -> APIC 0x3e -> Node 0
[    0.004374] SRAT: PXM 0 -> APIC 0x40 -> Node 0
[    0.004374] SRAT: PXM 0 -> APIC 0x41 -> Node 0
[    0.004375] SRAT: PXM 0 -> APIC 0x42 -> Node 0
[    0.004376] SRAT: PXM 0 -> APIC 0x44 -> Node 0
[    0.004376] SRAT: PXM 0 -> APIC 0x45 -> Node 0
[    0.004377] SRAT: PXM 0 -> APIC 0x46 -> Node 0
[    0.004378] SRAT: PXM 0 -> APIC 0x48 -> Node 0
[    0.004378] SRAT: PXM 0 -> APIC 0x49 -> Node 0
[    0.004379] SRAT: PXM 0 -> APIC 0x4a -> Node 0
[    0.004379] SRAT: PXM 0 -> APIC 0x4c -> Node 0
[    0.004380] SRAT: PXM 0 -> APIC 0x4d -> Node 0
[    0.004381] SRAT: PXM 0 -> APIC 0x4e -> Node 0
[    0.004381] SRAT: PXM 0 -> APIC 0x50 -> Node 0
[    0.004382] SRAT: PXM 0 -> APIC 0x51 -> Node 0
[    0.004382] SRAT: PXM 0 -> APIC 0x52 -> Node 0
[    0.004383] SRAT: PXM 0 -> APIC 0x54 -> Node 0
[    0.004384] SRAT: PXM 0 -> APIC 0x55 -> Node 0
[    0.004384] SRAT: PXM 0 -> APIC 0x56 -> Node 0
[    0.004385] SRAT: PXM 0 -> APIC 0x58 -> Node 0
[    0.004385] SRAT: PXM 0 -> APIC 0x59 -> Node 0
[    0.004386] SRAT: PXM 0 -> APIC 0x5a -> Node 0
[    0.004387] SRAT: PXM 0 -> APIC 0x5c -> Node 0
[    0.004387] SRAT: PXM 0 -> APIC 0x5d -> Node 0
[    0.004388] SRAT: PXM 0 -> APIC 0x5e -> Node 0
[    0.004388] SRAT: PXM 0 -> APIC 0x60 -> Node 0
[    0.004389] SRAT: PXM 0 -> APIC 0x61 -> Node 0
[    0.004390] SRAT: PXM 0 -> APIC 0x62 -> Node 0
[    0.004390] SRAT: PXM 0 -> APIC 0x64 -> Node 0
[    0.004391] SRAT: PXM 0 -> APIC 0x65 -> Node 0
[    0.004391] SRAT: PXM 0 -> APIC 0x66 -> Node 0
[    0.004392] SRAT: PXM 0 -> APIC 0x68 -> Node 0
[    0.004393] SRAT: PXM 0 -> APIC 0x69 -> Node 0
[    0.004393] SRAT: PXM 0 -> APIC 0x6a -> Node 0
[    0.004394] SRAT: PXM 0 -> APIC 0x6c -> Node 0
[    0.004395] SRAT: PXM 0 -> APIC 0x6d -> Node 0
[    0.004395] SRAT: PXM 0 -> APIC 0x6e -> Node 0
[    0.004396] SRAT: PXM 0 -> APIC 0x70 -> Node 0
[    0.004396] SRAT: PXM 0 -> APIC 0x71 -> Node 0
[    0.004397] SRAT: PXM 0 -> APIC 0x72 -> Node 0
[    0.004398] SRAT: PXM 0 -> APIC 0x74 -> Node 0
[    0.004398] SRAT: PXM 0 -> APIC 0x75 -> Node 0
[    0.004399] SRAT: PXM 0 -> APIC 0x76 -> Node 0
[    0.004399] SRAT: PXM 0 -> APIC 0x78 -> Node 0
[    0.004400] SRAT: PXM 0 -> APIC 0x79 -> Node 0
[    0.004401] SRAT: PXM 0 -> APIC 0x7a -> Node 0
[    0.004401] SRAT: PXM 0 -> APIC 0x7c -> Node 0
[    0.004402] SRAT: PXM 0 -> APIC 0x7d -> Node 0
[    0.004402] SRAT: PXM 0 -> APIC 0x7e -> Node 0
[    0.004403] SRAT: PXM 0 -> APIC 0x80 -> Node 0
[    0.004404] SRAT: PXM 0 -> APIC 0x81 -> Node 0
[    0.004404] SRAT: PXM 0 -> APIC 0x82 -> Node 0
[    0.004405] SRAT: PXM 0 -> APIC 0x84 -> Node 0
[    0.004405] SRAT: PXM 0 -> APIC 0x85 -> Node 0
[    0.004406] SRAT: PXM 0 -> APIC 0x86 -> Node 0
[    0.004407] SRAT: PXM 0 -> APIC 0x88 -> Node 0
[    0.004407] SRAT: PXM 0 -> APIC 0x89 -> Node 0
[    0.004408] SRAT: PXM 0 -> APIC 0x8a -> Node 0
[    0.004408] SRAT: PXM 0 -> APIC 0x8c -> Node 0
[    0.004409] SRAT: PXM 0 -> APIC 0x8d -> Node 0
[    0.004410] SRAT: PXM 0 -> APIC 0x8e -> Node 0
[    0.004410] SRAT: PXM 0 -> APIC 0x90 -> Node 0
[    0.004411] SRAT: PXM 0 -> APIC 0x91 -> Node 0
[    0.004412] SRAT: PXM 0 -> APIC 0x92 -> Node 0
[    0.004412] SRAT: PXM 0 -> APIC 0x94 -> Node 0
[    0.004413] SRAT: PXM 0 -> APIC 0x95 -> Node 0
[    0.004413] SRAT: PXM 0 -> APIC 0x96 -> Node 0
[    0.004414] SRAT: PXM 0 -> APIC 0x98 -> Node 0
[    0.004415] SRAT: PXM 0 -> APIC 0x99 -> Node 0
[    0.004415] SRAT: PXM 0 -> APIC 0x9a -> Node 0
[    0.004416] SRAT: PXM 0 -> APIC 0x9c -> Node 0
[    0.004416] SRAT: PXM 0 -> APIC 0x9d -> Node 0
[    0.004417] SRAT: PXM 0 -> APIC 0x9e -> Node 0
[    0.004418] SRAT: PXM 0 -> APIC 0xa0 -> Node 0
[    0.004418] SRAT: PXM 0 -> APIC 0xa1 -> Node 0
[    0.004419] SRAT: PXM 0 -> APIC 0xa2 -> Node 0
[    0.004419] SRAT: PXM 0 -> APIC 0xa4 -> Node 0
[    0.004420] SRAT: PXM 0 -> APIC 0xa5 -> Node 0
[    0.004421] SRAT: PXM 0 -> APIC 0xa6 -> Node 0
[    0.004421] SRAT: PXM 0 -> APIC 0xa8 -> Node 0
[    0.004422] SRAT: PXM 0 -> APIC 0xa9 -> Node 0
[    0.004424] ACPI: SRAT: Node 0 PXM 0 [mem 0x00000000-0x0009ffff]
[    0.004425] ACPI: SRAT: Node 0 PXM 0 [mem 0x00100000-0xbfffffff]
[    0.004426] ACPI: SRAT: Node 0 PXM 0 [mem 0x100000000-0x2e3bfffff]
[    0.004427] ACPI: SRAT: Node 0 PXM 0 [mem 0x2e3c00000-0x2a77ffffff] hotplug
[    0.004430] NUMA: Node 0 [mem 0x00000000-0x0009ffff] + [mem 0x00100000-0xbfffffff] -> [mem 0x00000000-0xbfffffff]
[    0.004432] NUMA: Node 0 [mem 0x00000000-0xbfffffff] + [mem 0x100000000-0x2e3bfffff] -> [mem 0x00000000-0x2e3bfffff]
[    0.004440] NODE_DATA(0) allocated [mem 0x2e3bd5000-0x2e3bfffff]
[    0.005278] Zone ranges:
[    0.005279]   DMA      [mem 0x0000000000001000-0x0000000000ffffff]
[    0.005281]   DMA32    [mem 0x0000000001000000-0x00000000ffffffff]
[    0.005282]   Normal   [mem 0x0000000100000000-0x00000002e3bfffff]
[    0.005283]   Device   empty
[    0.005284] Movable zone start for each node
[    0.005286] Early memory node ranges
[    0.005286]   node   0: [mem 0x0000000000001000-0x000000000009dfff]
[    0.005288]   node   0: [mem 0x0000000000100000-0x00000000bfecffff]
[    0.005289]   node   0: [mem 0x00000000bff00000-0x00000000bfffffff]
[    0.005290]   node   0: [mem 0x0000000100000000-0x00000002e3bfffff]
[    0.005291] Initmem setup node 0 [mem 0x0000000000001000-0x00000002e3bfffff]
[    0.005346] On node 0, zone DMA: 1 pages in unavailable ranges
[    0.006094] On node 0, zone DMA: 98 pages in unavailable ranges
[    0.143686] On node 0, zone DMA32: 48 pages in unavailable ranges
[    0.493063] On node 0, zone Normal: 17408 pages in unavailable ranges
[    0.495323] ACPI: PM-Timer IO Port: 0x1008
[    0.495340] ACPI: LAPIC_NMI (acpi_id[0x00] high edge lint[0x1])
[    0.495342] ACPI: LAPIC_NMI (acpi_id[0x01] high edge lint[0x1])
[    0.495343] ACPI: LAPIC_NMI (acpi_id[0x02] high edge lint[0x1])
[    0.495343] ACPI: LAPIC_NMI (acpi_id[0x03] high edge lint[0x1])
[    0.495344] ACPI: LAPIC_NMI (acpi_id[0x04] high edge lint[0x1])
[    0.495344] ACPI: LAPIC_NMI (acpi_id[0x05] high edge lint[0x1])
[    0.495345] ACPI: LAPIC_NMI (acpi_id[0x06] high edge lint[0x1])
[    0.495346] ACPI: LAPIC_NMI (acpi_id[0x07] high edge lint[0x1])
[    0.495346] ACPI: LAPIC_NMI (acpi_id[0x08] high edge lint[0x1])
[    0.495347] ACPI: LAPIC_NMI (acpi_id[0x09] high edge lint[0x1])
[    0.495348] ACPI: LAPIC_NMI (acpi_id[0x0a] high edge lint[0x1])
[    0.495348] ACPI: LAPIC_NMI (acpi_id[0x0b] high edge lint[0x1])
[    0.495349] ACPI: LAPIC_NMI (acpi_id[0x0c] high edge lint[0x1])
[    0.495350] ACPI: LAPIC_NMI (acpi_id[0x0d] high edge lint[0x1])
[    0.495350] ACPI: LAPIC_NMI (acpi_id[0x0e] high edge lint[0x1])
[    0.495351] ACPI: LAPIC_NMI (acpi_id[0x0f] high edge lint[0x1])
[    0.495351] ACPI: LAPIC_NMI (acpi_id[0x10] high edge lint[0x1])
[    0.495352] ACPI: LAPIC_NMI (acpi_id[0x11] high edge lint[0x1])
[    0.495353] ACPI: LAPIC_NMI (acpi_id[0x12] high edge lint[0x1])
[    0.495353] ACPI: LAPIC_NMI (acpi_id[0x13] high edge lint[0x1])
[    0.495354] ACPI: LAPIC_NMI (acpi_id[0x14] high edge lint[0x1])
[    0.495355] ACPI: LAPIC_NMI (acpi_id[0x15] high edge lint[0x1])
[    0.495355] ACPI: LAPIC_NMI (acpi_id[0x16] high edge lint[0x1])
[    0.495356] ACPI: LAPIC_NMI (acpi_id[0x17] high edge lint[0x1])
[    0.495357] ACPI: LAPIC_NMI (acpi_id[0x18] high edge lint[0x1])
[    0.495357] ACPI: LAPIC_NMI (acpi_id[0x19] high edge lint[0x1])
[    0.495358] ACPI: LAPIC_NMI (acpi_id[0x1a] high edge lint[0x1])
[    0.495359] ACPI: LAPIC_NMI (acpi_id[0x1b] high edge lint[0x1])
[    0.495359] ACPI: LAPIC_NMI (acpi_id[0x1c] high edge lint[0x1])
[    0.495360] ACPI: LAPIC_NMI (acpi_id[0x1d] high edge lint[0x1])
[    0.495361] ACPI: LAPIC_NMI (acpi_id[0x1e] high edge lint[0x1])
[    0.495361] ACPI: LAPIC_NMI (acpi_id[0x1f] high edge lint[0x1])
[    0.495362] ACPI: LAPIC_NMI (acpi_id[0x20] high edge lint[0x1])
[    0.495362] ACPI: LAPIC_NMI (acpi_id[0x21] high edge lint[0x1])
[    0.495363] ACPI: LAPIC_NMI (acpi_id[0x22] high edge lint[0x1])
[    0.495364] ACPI: LAPIC_NMI (acpi_id[0x23] high edge lint[0x1])
[    0.495364] ACPI: LAPIC_NMI (acpi_id[0x24] high edge lint[0x1])
[    0.495365] ACPI: LAPIC_NMI (acpi_id[0x25] high edge lint[0x1])
[    0.495366] ACPI: LAPIC_NMI (acpi_id[0x26] high edge lint[0x1])
[    0.495366] ACPI: LAPIC_NMI (acpi_id[0x27] high edge lint[0x1])
[    0.495367] ACPI: LAPIC_NMI (acpi_id[0x28] high edge lint[0x1])
[    0.495368] ACPI: LAPIC_NMI (acpi_id[0x29] high edge lint[0x1])
[    0.495368] ACPI: LAPIC_NMI (acpi_id[0x2a] high edge lint[0x1])
[    0.495369] ACPI: LAPIC_NMI (acpi_id[0x2b] high edge lint[0x1])
[    0.495369] ACPI: LAPIC_NMI (acpi_id[0x2c] high edge lint[0x1])
[    0.495370] ACPI: LAPIC_NMI (acpi_id[0x2d] high edge lint[0x1])
[    0.495371] ACPI: LAPIC_NMI (acpi_id[0x2e] high edge lint[0x1])
[    0.495371] ACPI: LAPIC_NMI (acpi_id[0x2f] high edge lint[0x1])
[    0.495372] ACPI: LAPIC_NMI (acpi_id[0x30] high edge lint[0x1])
[    0.495373] ACPI: LAPIC_NMI (acpi_id[0x31] high edge lint[0x1])
[    0.495373] ACPI: LAPIC_NMI (acpi_id[0x32] high edge lint[0x1])
[    0.495374] ACPI: LAPIC_NMI (acpi_id[0x33] high edge lint[0x1])
[    0.495375] ACPI: LAPIC_NMI (acpi_id[0x34] high edge lint[0x1])
[    0.495375] ACPI: LAPIC_NMI (acpi_id[0x35] high edge lint[0x1])
[    0.495376] ACPI: LAPIC_NMI (acpi_id[0x36] high edge lint[0x1])
[    0.495376] ACPI: LAPIC_NMI (acpi_id[0x37] high edge lint[0x1])
[    0.495377] ACPI: LAPIC_NMI (acpi_id[0x38] high edge lint[0x1])
[    0.495378] ACPI: LAPIC_NMI (acpi_id[0x39] high edge lint[0x1])
[    0.495378] ACPI: LAPIC_NMI (acpi_id[0x3a] high edge lint[0x1])
[    0.495379] ACPI: LAPIC_NMI (acpi_id[0x3b] high edge lint[0x1])
[    0.495380] ACPI: LAPIC_NMI (acpi_id[0x3c] high edge lint[0x1])
[    0.495380] ACPI: LAPIC_NMI (acpi_id[0x3d] high edge lint[0x1])
[    0.495381] ACPI: LAPIC_NMI (acpi_id[0x3e] high edge lint[0x1])
[    0.495381] ACPI: LAPIC_NMI (acpi_id[0x3f] high edge lint[0x1])
[    0.495382] ACPI: LAPIC_NMI (acpi_id[0x40] high edge lint[0x1])
[    0.495383] ACPI: LAPIC_NMI (acpi_id[0x41] high edge lint[0x1])
[    0.495383] ACPI: LAPIC_NMI (acpi_id[0x42] high edge lint[0x1])
[    0.495384] ACPI: LAPIC_NMI (acpi_id[0x43] high edge lint[0x1])
[    0.495385] ACPI: LAPIC_NMI (acpi_id[0x44] high edge lint[0x1])
[    0.495385] ACPI: LAPIC_NMI (acpi_id[0x45] high edge lint[0x1])
[    0.495386] ACPI: LAPIC_NMI (acpi_id[0x46] high edge lint[0x1])
[    0.495387] ACPI: LAPIC_NMI (acpi_id[0x47] high edge lint[0x1])
[    0.495387] ACPI: LAPIC_NMI (acpi_id[0x48] high edge lint[0x1])
[    0.495388] ACPI: LAPIC_NMI (acpi_id[0x49] high edge lint[0x1])
[    0.495388] ACPI: LAPIC_NMI (acpi_id[0x4a] high edge lint[0x1])
[    0.495389] ACPI: LAPIC_NMI (acpi_id[0x4b] high edge lint[0x1])
[    0.495390] ACPI: LAPIC_NMI (acpi_id[0x4c] high edge lint[0x1])
[    0.495390] ACPI: LAPIC_NMI (acpi_id[0x4d] high edge lint[0x1])
[    0.495391] ACPI: LAPIC_NMI (acpi_id[0x4e] high edge lint[0x1])
[    0.495392] ACPI: LAPIC_NMI (acpi_id[0x4f] high edge lint[0x1])
[    0.495392] ACPI: LAPIC_NMI (acpi_id[0x50] high edge lint[0x1])
[    0.495393] ACPI: LAPIC_NMI (acpi_id[0x51] high edge lint[0x1])
[    0.495393] ACPI: LAPIC_NMI (acpi_id[0x52] high edge lint[0x1])
[    0.495394] ACPI: LAPIC_NMI (acpi_id[0x53] high edge lint[0x1])
[    0.495395] ACPI: LAPIC_NMI (acpi_id[0x54] high edge lint[0x1])
[    0.495395] ACPI: LAPIC_NMI (acpi_id[0x55] high edge lint[0x1])
[    0.495396] ACPI: LAPIC_NMI (acpi_id[0x56] high edge lint[0x1])
[    0.495397] ACPI: LAPIC_NMI (acpi_id[0x57] high edge lint[0x1])
[    0.495397] ACPI: LAPIC_NMI (acpi_id[0x58] high edge lint[0x1])
[    0.495398] ACPI: LAPIC_NMI (acpi_id[0x59] high edge lint[0x1])
[    0.495399] ACPI: LAPIC_NMI (acpi_id[0x5a] high edge lint[0x1])
[    0.495399] ACPI: LAPIC_NMI (acpi_id[0x5b] high edge lint[0x1])
[    0.495400] ACPI: LAPIC_NMI (acpi_id[0x5c] high edge lint[0x1])
[    0.495400] ACPI: LAPIC_NMI (acpi_id[0x5d] high edge lint[0x1])
[    0.495401] ACPI: LAPIC_NMI (acpi_id[0x5e] high edge lint[0x1])
[    0.495402] ACPI: LAPIC_NMI (acpi_id[0x5f] high edge lint[0x1])
[    0.495402] ACPI: LAPIC_NMI (acpi_id[0x60] high edge lint[0x1])
[    0.495403] ACPI: LAPIC_NMI (acpi_id[0x61] high edge lint[0x1])
[    0.495404] ACPI: LAPIC_NMI (acpi_id[0x62] high edge lint[0x1])
[    0.495404] ACPI: LAPIC_NMI (acpi_id[0x63] high edge lint[0x1])
[    0.495405] ACPI: LAPIC_NMI (acpi_id[0x64] high edge lint[0x1])
[    0.495405] ACPI: LAPIC_NMI (acpi_id[0x65] high edge lint[0x1])
[    0.495406] ACPI: LAPIC_NMI (acpi_id[0x66] high edge lint[0x1])
[    0.495407] ACPI: LAPIC_NMI (acpi_id[0x67] high edge lint[0x1])
[    0.495407] ACPI: LAPIC_NMI (acpi_id[0x68] high edge lint[0x1])
[    0.495408] ACPI: LAPIC_NMI (acpi_id[0x69] high edge lint[0x1])
[    0.495409] ACPI: LAPIC_NMI (acpi_id[0x6a] high edge lint[0x1])
[    0.495409] ACPI: LAPIC_NMI (acpi_id[0x6b] high edge lint[0x1])
[    0.495410] ACPI: LAPIC_NMI (acpi_id[0x6c] high edge lint[0x1])
[    0.495411] ACPI: LAPIC_NMI (acpi_id[0x6d] high edge lint[0x1])
[    0.495411] ACPI: LAPIC_NMI (acpi_id[0x6e] high edge lint[0x1])
[    0.495412] ACPI: LAPIC_NMI (acpi_id[0x6f] high edge lint[0x1])
[    0.495412] ACPI: LAPIC_NMI (acpi_id[0x70] high edge lint[0x1])
[    0.495413] ACPI: LAPIC_NMI (acpi_id[0x71] high edge lint[0x1])
[    0.495414] ACPI: LAPIC_NMI (acpi_id[0x72] high edge lint[0x1])
[    0.495414] ACPI: LAPIC_NMI (acpi_id[0x73] high edge lint[0x1])
[    0.495415] ACPI: LAPIC_NMI (acpi_id[0x74] high edge lint[0x1])
[    0.495416] ACPI: LAPIC_NMI (acpi_id[0x75] high edge lint[0x1])
[    0.495416] ACPI: LAPIC_NMI (acpi_id[0x76] high edge lint[0x1])
[    0.495417] ACPI: LAPIC_NMI (acpi_id[0x77] high edge lint[0x1])
[    0.495417] ACPI: LAPIC_NMI (acpi_id[0x78] high edge lint[0x1])
[    0.495418] ACPI: LAPIC_NMI (acpi_id[0x79] high edge lint[0x1])
[    0.495419] ACPI: LAPIC_NMI (acpi_id[0x7a] high edge lint[0x1])
[    0.495419] ACPI: LAPIC_NMI (acpi_id[0x7b] high edge lint[0x1])
[    0.495420] ACPI: LAPIC_NMI (acpi_id[0x7c] high edge lint[0x1])
[    0.495421] ACPI: LAPIC_NMI (acpi_id[0x7d] high edge lint[0x1])
[    0.495421] ACPI: LAPIC_NMI (acpi_id[0x7e] high edge lint[0x1])
[    0.495422] ACPI: LAPIC_NMI (acpi_id[0x7f] high edge lint[0x1])
[    0.495446] IOAPIC[0]: apic_id 3, version 32, address 0xfec00000, GSI 0-23
[    0.495450] ACPI: INT_SRC_OVR (bus 0 bus_irq 0 global_irq 2 high edge)
[    0.495456] ACPI: Using ACPI (MADT) for SMP configuration information
[    0.495457] ACPI: HPET id: 0x8086af01 base: 0xfed00000
[    0.495461] smpboot: Allowing 128 CPUs, 122 hotplug CPUs
[    0.495472] PM: hibernation: Registered nosave memory: [mem 0x00000000-0x00000fff]
[    0.495474] PM: hibernation: Registered nosave memory: [mem 0x0009e000-0x0009efff]
[    0.495475] PM: hibernation: Registered nosave memory: [mem 0x0009f000-0x0009ffff]
[    0.495475] PM: hibernation: Registered nosave memory: [mem 0x000a0000-0x000dbfff]
[    0.495476] PM: hibernation: Registered nosave memory: [mem 0x000dc000-0x000fffff]
[    0.495477] PM: hibernation: Registered nosave memory: [mem 0xbfed0000-0xbfefefff]
[    0.495478] PM: hibernation: Registered nosave memory: [mem 0xbfeff000-0xbfefffff]
[    0.495479] PM: hibernation: Registered nosave memory: [mem 0xc0000000-0xefffffff]
[    0.495479] PM: hibernation: Registered nosave memory: [mem 0xf0000000-0xf7ffffff]
[    0.495480] PM: hibernation: Registered nosave memory: [mem 0xf8000000-0xfebfffff]
[    0.495480] PM: hibernation: Registered nosave memory: [mem 0xfec00000-0xfec0ffff]
[    0.495481] PM: hibernation: Registered nosave memory: [mem 0xfec10000-0xfedfffff]
[    0.495482] PM: hibernation: Registered nosave memory: [mem 0xfee00000-0xfee00fff]
[    0.495482] PM: hibernation: Registered nosave memory: [mem 0xfee01000-0xfffdffff]
[    0.495483] PM: hibernation: Registered nosave memory: [mem 0xfffe0000-0xffffffff]
[    0.495484] [mem 0xc0000000-0xefffffff] available for PCI devices
[    0.495485] Booting paravirtualized kernel on VMware hypervisor
[    0.495488] clocksource: refined-jiffies: mask: 0xffffffff max_cycles: 0xffffffff, max_idle_ns: 1910969940391419 ns
[    0.495494] setup_percpu: NR_CPUS:8192 nr_cpumask_bits:128 nr_cpu_ids:128 nr_node_ids:1
[    0.678788] percpu: Embedded 86 pages/cpu s229376 r8192 d114688 u524288
[    0.678815] pcpu-alloc: s229376 r8192 d114688 u524288 alloc=1*2097152
[    0.678817] pcpu-alloc: [0] 000 001 002 003 [0] 004 005 006 007 
[    0.678822] pcpu-alloc: [0] 008 009 010 011 [0] 012 013 014 015 
[    0.678827] pcpu-alloc: [0] 016 017 018 019 [0] 020 021 022 023 
[    0.678831] pcpu-alloc: [0] 024 025 026 027 [0] 028 029 030 031 
[    0.678836] pcpu-alloc: [0] 032 033 034 035 [0] 036 037 038 039 
[    0.678840] pcpu-alloc: [0] 040 041 042 043 [0] 044 045 046 047 
[    0.678845] pcpu-alloc: [0] 048 049 050 051 [0] 052 053 054 055 
[    0.678849] pcpu-alloc: [0] 056 057 058 059 [0] 060 061 062 063 
[    0.678854] pcpu-alloc: [0] 064 065 066 067 [0] 068 069 070 071 
[    0.678858] pcpu-alloc: [0] 072 073 074 075 [0] 076 077 078 079 
[    0.678862] pcpu-alloc: [0] 080 081 082 083 [0] 084 085 086 087 
[    0.678867] pcpu-alloc: [0] 088 089 090 091 [0] 092 093 094 095 
[    0.678871] pcpu-alloc: [0] 096 097 098 099 [0] 100 101 102 103 
[    0.678876] pcpu-alloc: [0] 104 105 106 107 [0] 108 109 110 111 
[    0.678880] pcpu-alloc: [0] 112 113 114 115 [0] 116 117 118 119 
[    0.678885] pcpu-alloc: [0] 120 121 122 123 [0] 124 125 126 127 
[    0.678943] Kernel command line: BOOT_IMAGE=/boot/vmlinuz-6.8.0-60-generic root=UUID=2016e112-02d1-492d-8396-350454aaa80d ro find_preseed=/preseed.cfg auto noprompt priority=critical locale=en_US quiet splash
[    0.679044] Unknown kernel command line parameters "auto noprompt splash BOOT_IMAGE=/boot/vmlinuz-6.8.0-60-generic find_preseed=/preseed.cfg priority=critical locale=en_US", will be passed to user space.
[    0.679063] random: crng init done
[    0.679063] printk: log_buf_len individual max cpu contribution: 4096 bytes
[    0.679064] printk: log_buf_len total cpu_extra contributions: 520192 bytes
[    0.679065] printk: log_buf_len min size: 262144 bytes
[    0.692355] printk: log_buf_len: 1048576 bytes
[    0.692356] printk: early log buf free: 227432(86%)
[    0.737616] Dentry cache hash table entries: 2097152 (order: 12, 16777216 bytes, linear)
[    0.760387] Inode-cache hash table entries: 1048576 (order: 11, 8388608 bytes, linear)
[    0.761530] Fallback order for Node 0: 0 
[    0.761556] Built 1 zonelists, mobility grouping on.  Total pages: 2724320
[    0.761558] Policy zone: Normal
[    0.761565] mem auto-init: stack:all(zero), heap alloc:on, heap free:off
[    0.761571] software IO TLB: area num 128.
[    0.872782] Memory: 10628472K/11070900K available (22528K kernel code, 4435K rwdata, 13952K rodata, 4988K init, 4728K bss, 442168K reserved, 0K cma-reserved)
[    0.874837] SLUB: HWalign=64, Order=0-3, MinObjects=0, CPUs=128, Nodes=1
[    0.875096] ftrace: allocating 58163 entries in 228 pages
[    0.884903] ftrace: allocated 228 pages with 4 groups
[    0.886842] Dynamic Preempt: voluntary
[    0.889042] rcu: Preemptible hierarchical RCU implementation.
[    0.889043] rcu: 	RCU restricting CPUs from NR_CPUS=8192 to nr_cpu_ids=128.
[    0.889044] 	Trampoline variant of Tasks RCU enabled.
[    0.889045] 	Rude variant of Tasks RCU enabled.
[    0.889045] 	Tracing variant of Tasks RCU enabled.
[    0.889046] rcu: RCU calculated value of scheduler-enlistment delay is 100 jiffies.
[    0.889046] rcu: Adjusting geometry for rcu_fanout_leaf=16, nr_cpu_ids=128
[    0.893684] NR_IRQS: 524544, nr_irqs: 1448, preallocated irqs: 16
[    0.894191] rcu: srcu_init: Setting srcu_struct sizes to big.
[    0.895983] Console: colour VGA+ 80x25
[    0.895986] printk: legacy console [tty0] enabled
[    0.896120] ACPI: Core revision 20230628
[    0.896685] clocksource: hpet: mask: 0xffffffff max_cycles: 0xffffffff, max_idle_ns: 133484882848 ns
[    0.896764] APIC: Switch to symmetric I/O mode setup
[    0.896926] x2apic enabled
[    0.897138] APIC: Switched APIC routing to: physical x2apic
[    0.898017] ..TIMER: vector=0x30 apic1=0 pin1=2 apic2=-1 pin2=-1
[    0.898039] clocksource: tsc-early: mask: 0xffffffffffffffff max_cycles: 0x6d8cb9ac453, max_idle_ns: 881591099559 ns
[    0.898044] Calibrating delay loop (skipped) preset value.. 7600.00 BogoMIPS (lpj=3800004)
[    0.898117] x86/cpu: User Mode Instruction Prevention (UMIP) activated
[    0.898176] LVT offset 2 assigned for vector 0xf4
[    0.898186] Last level iTLB entries: 4KB 1024, 2MB 1024, 4MB 512
[    0.898187] Last level dTLB entries: 4KB 2048, 2MB 2048, 4MB 1024, 1GB 0
[    0.898190] Spectre V1 : Mitigation: usercopy/swapgs barriers and __user pointer sanitization
[    0.898192] Spectre V2 : Mitigation: Retpolines
[    0.898193] Spectre V2 : Spectre v2 / SpectreRSB mitigation: Filling RSB on context switch
[    0.898193] Spectre V2 : Spectre v2 / SpectreRSB : Filling RSB on VMEXIT
[    0.898194] Spectre V2 : Enabling Speculation Barrier for firmware calls
[    0.898194] RETBleed: Mitigation: untrained return thunk
[    0.898196] Spectre V2 : mitigation: Enabling conditional Indirect Branch Prediction Barrier
[    0.898198] Speculative Store Bypass: Mitigation: Speculative Store Bypass disabled via prctl
[    0.898199] Speculative Return Stack Overflow: IBPB-extending microcode not applied!
[    0.898199] Speculative Return Stack Overflow: WARNING: See https://kernel.org/doc/html/latest/admin-guide/hw-vuln/srso.html for mitigation options.
[    0.898200] Speculative Return Stack Overflow: Vulnerable: Safe RET, no microcode
[    0.898206] x86/fpu: Supporting XSAVE feature 0x001: 'x87 floating point registers'
[    0.898207] x86/fpu: Supporting XSAVE feature 0x002: 'SSE registers'
[    0.898207] x86/fpu: Supporting XSAVE feature 0x004: 'AVX registers'
[    0.898208] x86/fpu: xstate_offset[2]:  576, xstate_sizes[2]:  256
[    0.898210] x86/fpu: Enabled xstate features 0x7, context size is 832 bytes, using 'compacted' format.
[    0.922091] Freeing SMP alternatives memory: 48K
[    0.922095] pid_max: default: 131072 minimum: 1024
[    0.922247] LSM: initializing lsm=lockdown,capability,landlock,yama,apparmor,integrity
[    0.922298] landlock: Up and running.
[    0.922300] Yama: becoming mindful.
[    0.923224] AppArmor: AppArmor initialized
[    0.924223] Mount-cache hash table entries: 32768 (order: 6, 262144 bytes, linear)
[    0.924942] Mountpoint-cache hash table entries: 32768 (order: 6, 262144 bytes, linear)
[    0.928284] smpboot: CPU0: AMD Ryzen 9 3900XT 12-Core Processor (family: 0x17, model: 0x71, stepping: 0x0)
[    0.929455] RCU Tasks: Setting shift to 7 and lim to 1 rcu_task_cb_adjust=1 rcu_task_cpu_ids=128.
[    0.929642] RCU Tasks Rude: Setting shift to 7 and lim to 1 rcu_task_cb_adjust=1 rcu_task_cpu_ids=128.
[    0.929740] RCU Tasks Trace: Setting shift to 7 and lim to 1 rcu_task_cb_adjust=1 rcu_task_cpu_ids=128.
[    0.929807] Performance Events: AMD PMU driver.
[    0.929815] ... version:                0
[    0.929817] ... bit width:              48
[    0.929818] ... generic registers:      4
[    0.929819] ... value mask:             0000ffffffffffff
[    0.929821] ... max period:             00007fffffffffff
[    0.929822] ... fixed-purpose events:   0
[    0.929823] ... event mask:             000000000000000f
[    0.930091] signal: max sigframe size: 1776
[    0.930443] rcu: Hierarchical SRCU implementation.
[    0.930445] rcu: 	Max phase no-delay instances is 400.
[    0.934588] NMI watchdog: Enabled. Permanently consumes one hw-PMU counter.
[    0.948836] smp: Bringing up secondary CPUs ...
[    0.949732] smpboot: x86: Booting SMP configuration:
[    0.949734] .... node  #0, CPUs:          #1   #2   #3   #4   #5
[    0.004658] smpboot: CPU 3 Converting physical 0 to logical die 1
[    0.957234] smp: Brought up 1 node, 6 CPUs
[    0.957238] smpboot: Max logical packages: 43
[    0.957240] smpboot: Total of 6 processors activated (45600.04 BogoMIPS)
[    0.959450] devtmpfs: initialized
[    0.960477] x86/mm: Memory block size: 128MB
[    0.965047] ACPI: PM: Registering ACPI NVS region [mem 0xbfeff000-0xbfefffff] (4096 bytes)
[    0.965502] clocksource: jiffies: mask: 0xffffffff max_cycles: 0xffffffff, max_idle_ns: 1911260446275000 ns
[    0.971664] futex hash table entries: 32768 (order: 9, 2097152 bytes, linear)
[    0.972700] pinctrl core: initialized pinctrl subsystem
[    0.973013] PM: RTC time: 15:40:55, date: 2025-07-30
[    0.980923] NET: Registered PF_NETLINK/PF_ROUTE protocol family
[    0.987394] DMA: preallocated 2048 KiB GFP_KERNEL pool for atomic allocations
[    0.987566] DMA: preallocated 2048 KiB GFP_KERNEL|GFP_DMA pool for atomic allocations
[    0.987705] DMA: preallocated 2048 KiB GFP_KERNEL|GFP_DMA32 pool for atomic allocations
[    0.987733] audit: initializing netlink subsys (disabled)
[    0.988049] audit: type=2000 audit(1753890055.090:1): state=initialized audit_enabled=0 res=1
[    0.988385] thermal_sys: Registered thermal governor 'fair_share'
[    0.988387] thermal_sys: Registered thermal governor 'bang_bang'
[    0.988389] thermal_sys: Registered thermal governor 'step_wise'
[    0.988391] thermal_sys: Registered thermal governor 'user_space'
[    0.988392] thermal_sys: Registered thermal governor 'power_allocator'
[    0.988462] EISA bus registered
[    0.988494] cpuidle: using governor ladder
[    0.989171] cpuidle: using governor menu
[    0.989222] Simple Boot Flag at 0x36 set to 0x80
[    0.989222] acpiphp: ACPI Hot Plug PCI Controller Driver version: 0.5
[    0.990277] PCI: ECAM [mem 0xf0000000-0xf7ffffff] (base 0xf0000000) for domain 0000 [bus 00-7f]
[    0.990318] PCI: Using configuration type 1 for base access
[    0.991031] kprobes: kprobe jump-optimization is enabled. All kprobes are optimized if possible.
[    0.994541] HugeTLB: registered 1.00 GiB page size, pre-allocated 0 pages
[    0.994541] HugeTLB: 16380 KiB vmemmap can be freed for a 1.00 GiB page
[    0.994541] HugeTLB: registered 2.00 MiB page size, pre-allocated 0 pages
[    0.994541] HugeTLB: 28 KiB vmemmap can be freed for a 2.00 MiB page
[    0.998132] ACPI: Added _OSI(Module Device)
[    0.998135] ACPI: Added _OSI(Processor Device)
[    0.998137] ACPI: Added _OSI(3.0 _SCP Extensions)
[    0.998138] ACPI: Added _OSI(Processor Aggregator Device)
[    1.054511] ACPI: 1 ACPI AML tables successfully acquired and loaded
[    1.059406] ACPI: [Firmware Bug]: BIOS _OSI(Linux) query ignored
[    1.065410] ACPI: _OSC evaluation for CPUs failed, trying _PDC
[    1.103174] ACPI: Interpreter enabled
[    1.103192] ACPI: PM: (supports S0 S1 S4 S5)
[    1.103194] ACPI: Using IOAPIC for interrupt routing
[    1.109207] PCI: Using host bridge windows from ACPI; if necessary, use "pci=nocrs" and report a bug
[    1.109210] PCI: Using E820 reservations for host bridge windows
[    1.113058] ACPI: Enabled 4 GPEs in block 00 to 0F
[    1.533307] ACPI: PCI Root Bridge [PCI0] (domain 0000 [bus 00-7f])
[    1.533318] acpi PNP0A03:00: _OSC: OS supports [ExtendedConfig ASPM ClockPM Segments MSI EDR HPX-Type3]
[    1.533508] acpi PNP0A03:00: _OSC: platform does not support [AER LTR DPC]
[    1.533895] acpi PNP0A03:00: _OSC: OS now controls [PCIeHotplug SHPCHotplug PME PCIeCapability]
[    1.537641] PCI host bridge to bus 0000:00
[    1.537644] pci_bus 0000:00: root bus resource [mem 0x000a0000-0x000bffff window]
[    1.537648] pci_bus 0000:00: root bus resource [mem 0x000d0000-0x000dbfff window]
[    1.537650] pci_bus 0000:00: root bus resource [mem 0xc0000000-0xfebfffff window]
[    1.537652] pci_bus 0000:00: root bus resource [io  0x0000-0x0cf7 window]
[    1.537655] pci_bus 0000:00: root bus resource [io  0x0d00-0xfeff window]
[    1.537657] pci_bus 0000:00: root bus resource [bus 00-7f]
[    1.537873] pci 0000:00:00.0: [8086:7190] type 00 class 0x060000 conventional PCI endpoint
[    1.538539] pci 0000:00:01.0: [8086:7191] type 01 class 0x060400 conventional PCI bridge
[    1.538729] pci 0000:00:01.0: PCI bridge to [bus 01]
[    1.539379] pci 0000:00:07.0: [8086:7110] type 00 class 0x060100 conventional PCI endpoint
[    1.540089] pci 0000:00:07.1: [8086:7111] type 00 class 0x01018a conventional PCI endpoint
[    1.540637] pci 0000:00:07.1: BAR 4 [io  0x1060-0x106f]
[    1.540677] pci 0000:00:07.1: BAR 0 [io  0x01f0-0x01f7]: legacy IDE quirk
[    1.540680] pci 0000:00:07.1: BAR 1 [io  0x03f6]: legacy IDE quirk
[    1.540682] pci 0000:00:07.1: BAR 2 [io  0x0170-0x0177]: legacy IDE quirk
[    1.540684] pci 0000:00:07.1: BAR 3 [io  0x0376]: legacy IDE quirk
[    1.541050] pci 0000:00:07.3: [8086:7113] type 00 class 0x068000 conventional PCI endpoint
[    1.541626] pci 0000:00:07.3: quirk: [io  0x1000-0x103f] claimed by PIIX4 ACPI
[    1.541637] pci 0000:00:07.3: quirk: [io  0x1040-0x104f] claimed by PIIX4 SMB
[    1.541964] pci 0000:00:07.7: [15ad:0740] type 00 class 0x088000 conventional PCI endpoint
[    1.542486] pci 0000:00:07.7: BAR 0 [io  0x1080-0x10bf]
[    1.542504] pci 0000:00:07.7: BAR 1 [mem 0xfebc0000-0xfebfffff 64bit]
[    1.543654] pci 0000:00:0f.0: [15ad:0405] type 00 class 0x030000 conventional PCI endpoint
[    1.544646] pci 0000:00:0f.0: BAR 0 [io  0x1070-0x107f]
[    1.544658] pci 0000:00:0f.0: BAR 1 [mem 0xe8000000-0xefffffff pref]
[    1.544669] pci 0000:00:0f.0: BAR 2 [mem 0xfe000000-0xfe7fffff]
[    1.544702] pci 0000:00:0f.0: ROM [mem 0x00000000-0x00007fff pref]
[    1.544759] pci 0000:00:0f.0: Video device with shadowed ROM at [mem 0x000c0000-0x000dffff]
[    1.545287] pci 0000:00:10.0: [1000:0030] type 00 class 0x010000 conventional PCI endpoint
[    1.546001] pci 0000:00:10.0: BAR 0 [io  0x1400-0x14ff]
[    1.546020] pci 0000:00:10.0: BAR 1 [mem 0xfeb80000-0xfeb9ffff 64bit]
[    1.546038] pci 0000:00:10.0: BAR 3 [mem 0xfeba0000-0xfebbffff 64bit]
[    1.546052] pci 0000:00:10.0: ROM [mem 0x00000000-0x00003fff pref]
[    1.546582] pci 0000:00:11.0: [15ad:0790] type 01 class 0x060401 conventional PCI bridge
[    1.546769] pci 0000:00:11.0: PCI bridge to [bus 02] (subtractive decode)
[    1.546796] pci 0000:00:11.0:   bridge window [io  0x2000-0x3fff]
[    1.546814] pci 0000:00:11.0:   bridge window [mem 0xfd500000-0xfdffffff]
[    1.546886] pci 0000:00:11.0:   bridge window [mem 0xe7b00000-0xe7ffffff 64bit pref]
[    1.547745] pci 0000:00:15.0: [15ad:07a0] type 01 class 0x060400 PCIe Root Port
[    1.547931] pci 0000:00:15.0: PCI bridge to [bus 03]
[    1.547971] pci 0000:00:15.0:   bridge window [mem 0xfd400000-0xfd4fffff]
[    1.548498] pci 0000:00:15.0: PME# supported from D0 D3hot D3cold
[    1.548990] pci 0000:00:15.1: [15ad:07a0] type 01 class 0x060400 PCIe Root Port
[    1.549178] pci 0000:00:15.1: PCI bridge to [bus 04]
[    1.549203] pci 0000:00:15.1:   bridge window [io  0x7000-0x7fff]
[    1.549221] pci 0000:00:15.1:   bridge window [mem 0xfd000000-0xfd0fffff]
[    1.549290] pci 0000:00:15.1:   bridge window [mem 0xe7700000-0xe77fffff 64bit pref]
[    1.549733] pci 0000:00:15.1: PME# supported from D0 D3hot D3cold
[    1.550239] pci 0000:00:15.2: [15ad:07a0] type 01 class 0x060400 PCIe Root Port
[    1.550423] pci 0000:00:15.2: PCI bridge to [bus 05]
[    1.550449] pci 0000:00:15.2:   bridge window [io  0xb000-0xbfff]
[    1.550467] pci 0000:00:15.2:   bridge window [mem 0xfcc00000-0xfccfffff]
[    1.550536] pci 0000:00:15.2:   bridge window [mem 0xe7300000-0xe73fffff 64bit pref]
[    1.550980] pci 0000:00:15.2: PME# supported from D0 D3hot D3cold
[    1.551500] pci 0000:00:15.3: [15ad:07a0] type 01 class 0x060400 PCIe Root Port
[    1.551683] pci 0000:00:15.3: PCI bridge to [bus 06]
[    1.551724] pci 0000:00:15.3:   bridge window [mem 0xfc800000-0xfc8fffff]
[    1.551793] pci 0000:00:15.3:   bridge window [mem 0xe6f00000-0xe6ffffff 64bit pref]
[    1.552257] pci 0000:00:15.3: PME# supported from D0 D3hot D3cold
[    1.552767] pci 0000:00:15.4: [15ad:07a0] type 01 class 0x060400 PCIe Root Port
[    1.552958] pci 0000:00:15.4: PCI bridge to [bus 07]
[    1.552998] pci 0000:00:15.4:   bridge window [mem 0xfc400000-0xfc4fffff]
[    1.553074] pci 0000:00:15.4:   bridge window [mem 0xe6b00000-0xe6bfffff 64bit pref]
[    1.553519] pci 0000:00:15.4: PME# supported from D0 D3hot D3cold
[    1.554002] pci 0000:00:15.5: [15ad:07a0] type 01 class 0x060400 PCIe Root Port
[    1.554193] pci 0000:00:15.5: PCI bridge to [bus 08]
[    1.554234] pci 0000:00:15.5:   bridge window [mem 0xfc000000-0xfc0fffff]
[    1.554303] pci 0000:00:15.5:   bridge window [mem 0xe6700000-0xe67fffff 64bit pref]
[    1.554752] pci 0000:00:15.5: PME# supported from D0 D3hot D3cold
[    1.555235] pci 0000:00:15.6: [15ad:07a0] type 01 class 0x060400 PCIe Root Port
[    1.555424] pci 0000:00:15.6: PCI bridge to [bus 09]
[    1.555465] pci 0000:00:15.6:   bridge window [mem 0xfbc00000-0xfbcfffff]
[    1.555534] pci 0000:00:15.6:   bridge window [mem 0xe6300000-0xe63fffff 64bit pref]
[    1.555979] pci 0000:00:15.6: PME# supported from D0 D3hot D3cold
[    1.556594] pci 0000:00:15.7: [15ad:07a0] type 01 class 0x060400 PCIe Root Port
[    1.556777] pci 0000:00:15.7: PCI bridge to [bus 0a]
[    1.556817] pci 0000:00:15.7:   bridge window [mem 0xfb800000-0xfb8fffff]
[    1.556887] pci 0000:00:15.7:   bridge window [mem 0xe5f00000-0xe5ffffff 64bit pref]
[    1.557339] pci 0000:00:15.7: PME# supported from D0 D3hot D3cold
[    1.557864] pci 0000:00:16.0: [15ad:07a0] type 01 class 0x060400 PCIe Root Port
[    1.558059] pci 0000:00:16.0: PCI bridge to [bus 0b]
[    1.558084] pci 0000:00:16.0:   bridge window [io  0x4000-0x4fff]
[    1.558104] pci 0000:00:16.0:   bridge window [mem 0xfd300000-0xfd3fffff]
[    1.558174] pci 0000:00:16.0:   bridge window [mem 0xe7a00000-0xe7afffff 64bit pref]
[    1.558617] pci 0000:00:16.0: PME# supported from D0 D3hot D3cold
[    1.559116] pci 0000:00:16.1: [15ad:07a0] type 01 class 0x060400 PCIe Root Port
[    1.559301] pci 0000:00:16.1: PCI bridge to [bus 0c]
[    1.559326] pci 0000:00:16.1:   bridge window [io  0x8000-0x8fff]
[    1.559344] pci 0000:00:16.1:   bridge window [mem 0xfcf00000-0xfcffffff]
[    1.559415] pci 0000:00:16.1:   bridge window [mem 0xe7600000-0xe76fffff 64bit pref]
[    1.559858] pci 0000:00:16.1: PME# supported from D0 D3hot D3cold
[    1.560325] pci 0000:00:16.2: [15ad:07a0] type 01 class 0x060400 PCIe Root Port
[    1.560511] pci 0000:00:16.2: PCI bridge to [bus 0d]
[    1.560536] pci 0000:00:16.2:   bridge window [io  0xc000-0xcfff]
[    1.560554] pci 0000:00:16.2:   bridge window [mem 0xfcb00000-0xfcbfffff]
[    1.560624] pci 0000:00:16.2:   bridge window [mem 0xe7200000-0xe72fffff 64bit pref]
[    1.561076] pci 0000:00:16.2: PME# supported from D0 D3hot D3cold
[    1.561616] pci 0000:00:16.3: [15ad:07a0] type 01 class 0x060400 PCIe Root Port
[    1.561799] pci 0000:00:16.3: PCI bridge to [bus 0e]
[    1.561839] pci 0000:00:16.3:   bridge window [mem 0xfc700000-0xfc7fffff]
[    1.561911] pci 0000:00:16.3:   bridge window [mem 0xe6e00000-0xe6efffff 64bit pref]
[    1.562359] pci 0000:00:16.3: PME# supported from D0 D3hot D3cold
[    1.562847] pci 0000:00:16.4: [15ad:07a0] type 01 class 0x060400 PCIe Root Port
[    1.563053] pci 0000:00:16.4: PCI bridge to [bus 0f]
[    1.563094] pci 0000:00:16.4:   bridge window [mem 0xfc300000-0xfc3fffff]
[    1.563163] pci 0000:00:16.4:   bridge window [mem 0xe6a00000-0xe6afffff 64bit pref]
[    1.563612] pci 0000:00:16.4: PME# supported from D0 D3hot D3cold
[    1.564121] pci 0000:00:16.5: [15ad:07a0] type 01 class 0x060400 PCIe Root Port
[    1.564303] pci 0000:00:16.5: PCI bridge to [bus 10]
[    1.564343] pci 0000:00:16.5:   bridge window [mem 0xfbf00000-0xfbffffff]
[    1.564414] pci 0000:00:16.5:   bridge window [mem 0xe6600000-0xe66fffff 64bit pref]
[    1.564855] pci 0000:00:16.5: PME# supported from D0 D3hot D3cold
[    1.565345] pci 0000:00:16.6: [15ad:07a0] type 01 class 0x060400 PCIe Root Port
[    1.565528] pci 0000:00:16.6: PCI bridge to [bus 11]
[    1.565568] pci 0000:00:16.6:   bridge window [mem 0xfbb00000-0xfbbfffff]
[    1.565638] pci 0000:00:16.6:   bridge window [mem 0xe6200000-0xe62fffff 64bit pref]
[    1.566091] pci 0000:00:16.6: PME# supported from D0 D3hot D3cold
[    1.566692] pci 0000:00:16.7: [15ad:07a0] type 01 class 0x060400 PCIe Root Port
[    1.566874] pci 0000:00:16.7: PCI bridge to [bus 12]
[    1.566921] pci 0000:00:16.7:   bridge window [mem 0xfb700000-0xfb7fffff]
[    1.566991] pci 0000:00:16.7:   bridge window [mem 0xe5e00000-0xe5efffff 64bit pref]
[    1.567438] pci 0000:00:16.7: PME# supported from D0 D3hot D3cold
[    1.567981] pci 0000:00:17.0: [15ad:07a0] type 01 class 0x060400 PCIe Root Port
[    1.568170] pci 0000:00:17.0: PCI bridge to [bus 13]
[    1.568195] pci 0000:00:17.0:   bridge window [io  0x5000-0x5fff]
[    1.568213] pci 0000:00:17.0:   bridge window [mem 0xfd200000-0xfd2fffff]
[    1.568282] pci 0000:00:17.0:   bridge window [mem 0xe7900000-0xe79fffff 64bit pref]
[    1.569136] pci 0000:00:17.0: PME# supported from D0 D3hot D3cold
[    1.569610] pci 0000:00:17.1: [15ad:07a0] type 01 class 0x060400 PCIe Root Port
[    1.569792] pci 0000:00:17.1: PCI bridge to [bus 14]
[    1.569817] pci 0000:00:17.1:   bridge window [io  0x9000-0x9fff]
[    1.569841] pci 0000:00:17.1:   bridge window [mem 0xfce00000-0xfcefffff]
[    1.569911] pci 0000:00:17.1:   bridge window [mem 0xe7500000-0xe75fffff 64bit pref]
[    1.570438] pci 0000:00:17.1: PME# supported from D0 D3hot D3cold
[    1.570924] pci 0000:00:17.2: [15ad:07a0] type 01 class 0x060400 PCIe Root Port
[    1.571111] pci 0000:00:17.2: PCI bridge to [bus 15]
[    1.571136] pci 0000:00:17.2:   bridge window [io  0xd000-0xdfff]
[    1.571154] pci 0000:00:17.2:   bridge window [mem 0xfca00000-0xfcafffff]
[    1.571223] pci 0000:00:17.2:   bridge window [mem 0xe7100000-0xe71fffff 64bit pref]
[    1.571671] pci 0000:00:17.2: PME# supported from D0 D3hot D3cold
[    1.572161] pci 0000:00:17.3: [15ad:07a0] type 01 class 0x060400 PCIe Root Port
[    1.572342] pci 0000:00:17.3: PCI bridge to [bus 16]
[    1.572382] pci 0000:00:17.3:   bridge window [mem 0xfc600000-0xfc6fffff]
[    1.572456] pci 0000:00:17.3:   bridge window [mem 0xe6d00000-0xe6dfffff 64bit pref]
[    1.572897] pci 0000:00:17.3: PME# supported from D0 D3hot D3cold
[    1.573407] pci 0000:00:17.4: [15ad:07a0] type 01 class 0x060400 PCIe Root Port
[    1.573590] pci 0000:00:17.4: PCI bridge to [bus 17]
[    1.573630] pci 0000:00:17.4:   bridge window [mem 0xfc200000-0xfc2fffff]
[    1.573700] pci 0000:00:17.4:   bridge window [mem 0xe6900000-0xe69fffff 64bit pref]
[    1.574150] pci 0000:00:17.4: PME# supported from D0 D3hot D3cold
[    1.574621] pci 0000:00:17.5: [15ad:07a0] type 01 class 0x060400 PCIe Root Port
[    1.574803] pci 0000:00:17.5: PCI bridge to [bus 18]
[    1.574843] pci 0000:00:17.5:   bridge window [mem 0xfbe00000-0xfbefffff]
[    1.574919] pci 0000:00:17.5:   bridge window [mem 0xe6500000-0xe65fffff 64bit pref]
[    1.575366] pci 0000:00:17.5: PME# supported from D0 D3hot D3cold
[    1.575850] pci 0000:00:17.6: [15ad:07a0] type 01 class 0x060400 PCIe Root Port
[    1.576044] pci 0000:00:17.6: PCI bridge to [bus 19]
[    1.576084] pci 0000:00:17.6:   bridge window [mem 0xfba00000-0xfbafffff]
[    1.576154] pci 0000:00:17.6:   bridge window [mem 0xe6100000-0xe61fffff 64bit pref]
[    1.576601] pci 0000:00:17.6: PME# supported from D0 D3hot D3cold
[    1.577204] pci 0000:00:17.7: [15ad:07a0] type 01 class 0x060400 PCIe Root Port
[    1.577386] pci 0000:00:17.7: PCI bridge to [bus 1a]
[    1.577433] pci 0000:00:17.7:   bridge window [mem 0xfb600000-0xfb6fffff]
[    1.577502] pci 0000:00:17.7:   bridge window [mem 0xe5d00000-0xe5dfffff 64bit pref]
[    1.577950] pci 0000:00:17.7: PME# supported from D0 D3hot D3cold
[    1.578499] pci 0000:00:18.0: [15ad:07a0] type 01 class 0x060400 PCIe Root Port
[    1.578706] pci 0000:00:18.0: PCI bridge to [bus 1b]
[    1.578732] pci 0000:00:18.0:   bridge window [io  0x6000-0x6fff]
[    1.578749] pci 0000:00:18.0:   bridge window [mem 0xfd100000-0xfd1fffff]
[    1.578819] pci 0000:00:18.0:   bridge window [mem 0xe7800000-0xe78fffff 64bit pref]
[    1.579270] pci 0000:00:18.0: PME# supported from D0 D3hot D3cold
[    1.579752] pci 0000:00:18.1: [15ad:07a0] type 01 class 0x060400 PCIe Root Port
[    1.579941] pci 0000:00:18.1: PCI bridge to [bus 1c]
[    1.579966] pci 0000:00:18.1:   bridge window [io  0xa000-0xafff]
[    1.579984] pci 0000:00:18.1:   bridge window [mem 0xfcd00000-0xfcdfffff]
[    1.580059] pci 0000:00:18.1:   bridge window [mem 0xe7400000-0xe74fffff 64bit pref]
[    1.580501] pci 0000:00:18.1: PME# supported from D0 D3hot D3cold
[    1.580985] pci 0000:00:18.2: [15ad:07a0] type 01 class 0x060400 PCIe Root Port
[    1.581175] pci 0000:00:18.2: PCI bridge to [bus 1d]
[    1.581200] pci 0000:00:18.2:   bridge window [io  0xe000-0xefff]
[    1.581218] pci 0000:00:18.2:   bridge window [mem 0xfc900000-0xfc9fffff]
[    1.581287] pci 0000:00:18.2:   bridge window [mem 0xe7000000-0xe70fffff 64bit pref]
[    1.581735] pci 0000:00:18.2: PME# supported from D0 D3hot D3cold
[    1.582258] pci 0000:00:18.3: [15ad:07a0] type 01 class 0x060400 PCIe Root Port
[    1.582442] pci 0000:00:18.3: PCI bridge to [bus 1e]
[    1.582482] pci 0000:00:18.3:   bridge window [mem 0xfc500000-0xfc5fffff]
[    1.582552] pci 0000:00:18.3:   bridge window [mem 0xe6c00000-0xe6cfffff 64bit pref]
[    1.582999] pci 0000:00:18.3: PME# supported from D0 D3hot D3cold
[    1.583502] pci 0000:00:18.4: [15ad:07a0] type 01 class 0x060400 PCIe Root Port
[    1.583684] pci 0000:00:18.4: PCI bridge to [bus 1f]
[    1.583724] pci 0000:00:18.4:   bridge window [mem 0xfc100000-0xfc1fffff]
[    1.583793] pci 0000:00:18.4:   bridge window [mem 0xe6800000-0xe68fffff 64bit pref]
[    1.584248] pci 0000:00:18.4: PME# supported from D0 D3hot D3cold
[    1.584747] pci 0000:00:18.5: [15ad:07a0] type 01 class 0x060400 PCIe Root Port
[    1.584936] pci 0000:00:18.5: PCI bridge to [bus 20]
[    1.584976] pci 0000:00:18.5:   bridge window [mem 0xfbd00000-0xfbdfffff]
[    1.585052] pci 0000:00:18.5:   bridge window [mem 0xe6400000-0xe64fffff 64bit pref]
[    1.585499] pci 0000:00:18.5: PME# supported from D0 D3hot D3cold
[    1.585990] pci 0000:00:18.6: [15ad:07a0] type 01 class 0x060400 PCIe Root Port
[    1.586177] pci 0000:00:18.6: PCI bridge to [bus 21]
[    1.586217] pci 0000:00:18.6:   bridge window [mem 0xfb900000-0xfb9fffff]
[    1.586287] pci 0000:00:18.6:   bridge window [mem 0xe6000000-0xe60fffff 64bit pref]
[    1.586734] pci 0000:00:18.6: PME# supported from D0 D3hot D3cold
[    1.587324] pci 0000:00:18.7: [15ad:07a0] type 01 class 0x060400 PCIe Root Port
[    1.587516] pci 0000:00:18.7: PCI bridge to [bus 22]
[    1.587556] pci 0000:00:18.7:   bridge window [mem 0xfb500000-0xfb5fffff]
[    1.587626] pci 0000:00:18.7:   bridge window [mem 0xe5c00000-0xe5cfffff 64bit pref]
[    1.588083] pci 0000:00:18.7: PME# supported from D0 D3hot D3cold
[    1.589013] pci_bus 0000:01: extended config space not accessible
[    1.590745] pci 0000:00:01.0: PCI bridge to [bus 01]
[    1.591203] pci_bus 0000:02: extended config space not accessible
[    1.591672] acpiphp: Slot [32] registered
[    1.591697] acpiphp: Slot [33] registered
[    1.591720] acpiphp: Slot [34] registered
[    1.591759] acpiphp: Slot [35] registered
[    1.591796] acpiphp: Slot [36] registered
[    1.591828] acpiphp: Slot [37] registered
[    1.591851] acpiphp: Slot [38] registered
[    1.591874] acpiphp: Slot [39] registered
[    1.591896] acpiphp: Slot [40] registered
[    1.591919] acpiphp: Slot [41] registered
[    1.592048] acpiphp: Slot [42] registered
[    1.592071] acpiphp: Slot [43] registered
[    1.592094] acpiphp: Slot [44] registered
[    1.592116] acpiphp: Slot [45] registered
[    1.592139] acpiphp: Slot [46] registered
[    1.592161] acpiphp: Slot [47] registered
[    1.592184] acpiphp: Slot [48] registered
[    1.592235] acpiphp: Slot [49] registered
[    1.592259] acpiphp: Slot [50] registered
[    1.592281] acpiphp: Slot [51] registered
[    1.592304] acpiphp: Slot [52] registered
[    1.592326] acpiphp: Slot [53] registered
[    1.592348] acpiphp: Slot [54] registered
[    1.592371] acpiphp: Slot [55] registered
[    1.592415] acpiphp: Slot [56] registered
[    1.592439] acpiphp: Slot [57] registered
[    1.592462] acpiphp: Slot [58] registered
[    1.592484] acpiphp: Slot [59] registered
[    1.592506] acpiphp: Slot [60] registered
[    1.592529] acpiphp: Slot [61] registered
[    1.592551] acpiphp: Slot [62] registered
[    1.592589] acpiphp: Slot [63] registered
[    1.592656] pci 0000:02:00.0: [15ad:0774] type 00 class 0x0c0300 conventional PCI endpoint
[    1.593221] pci 0000:02:00.0: BAR 4 [io  0x2080-0x209f]
[    1.594315] pci 0000:02:01.0: [8086:100f] type 00 class 0x020000 conventional PCI endpoint
[    1.595066] pci 0000:02:01.0: BAR 0 [mem 0xfd5c0000-0xfd5dffff 64bit]
[    1.595086] pci 0000:02:01.0: BAR 2 [mem 0xfdff0000-0xfdffffff 64bit]
[    1.595097] pci 0000:02:01.0: BAR 4 [io  0x2000-0x203f]
[    1.595115] pci 0000:02:01.0: ROM [mem 0x00000000-0x0000ffff pref]
[    1.595370] pci 0000:02:01.0: PME# supported from D0 D3hot D3cold
[    1.596446] pci 0000:02:02.0: [1274:1371] type 00 class 0x040100 conventional PCI endpoint
[    1.596986] pci 0000:02:02.0: BAR 0 [io  0x2040-0x207f]
[    1.598190] pci 0000:02:03.0: [15ad:0770] type 00 class 0x0c0320 conventional PCI endpoint
[    1.598824] pci 0000:02:03.0: BAR 0 [mem 0xfd5ef000-0xfd5effff]
[    1.600136] pci 0000:02:04.0: [15ad:07e0] type 00 class 0x010601 conventional PCI endpoint
[    1.600795] pci 0000:02:04.0: BAR 5 [mem 0xfd5ee000-0xfd5eefff]
[    1.600807] pci 0000:02:04.0: ROM [mem 0x00000000-0x0000ffff pref]
[    1.601165] pci 0000:02:04.0: PME# supported from D3hot
[    1.604112] pci 0000:00:11.0: PCI bridge to [bus 02] (subtractive decode)
[    1.604177] pci 0000:00:11.0:   bridge window [mem 0x000a0000-0x000bffff window] (subtractive decode)
[    1.604180] pci 0000:00:11.0:   bridge window [mem 0x000d0000-0x000dbfff window] (subtractive decode)
[    1.604182] pci 0000:00:11.0:   bridge window [mem 0xc0000000-0xfebfffff window] (subtractive decode)
[    1.604185] pci 0000:00:11.0:   bridge window [io  0x0000-0x0cf7 window] (subtractive decode)
[    1.604187] pci 0000:00:11.0:   bridge window [io  0x0d00-0xfeff window] (subtractive decode)
[    1.604581] pci 0000:03:00.0: [15ad:0779] type 00 class 0x0c0330 PCIe Endpoint
[    1.605258] pci 0000:03:00.0: BAR 0 [mem 0xfd4e0000-0xfd4fffff 64bit]
[    1.605700] pci 0000:03:00.0: PME# supported from D0 D3hot D3cold
[    1.606741] pci 0000:03:00.0: disabling ASPM on pre-1.1 PCIe device.  You can enable it with 'pcie_aspm=force'
[    1.606800] pci 0000:00:15.0: PCI bridge to [bus 03]
[    1.607283] pci 0000:00:15.1: PCI bridge to [bus 04]
[    1.607662] pci 0000:00:15.2: PCI bridge to [bus 05]
[    1.608042] pci 0000:00:15.3: PCI bridge to [bus 06]
[    1.608437] pci 0000:00:15.4: PCI bridge to [bus 07]
[    1.608860] pci 0000:00:15.5: PCI bridge to [bus 08]
[    1.609310] pci 0000:00:15.6: PCI bridge to [bus 09]
[    1.609726] pci 0000:00:15.7: PCI bridge to [bus 0a]
[    1.610111] pci 0000:00:16.0: PCI bridge to [bus 0b]
[    1.610512] pci 0000:00:16.1: PCI bridge to [bus 0c]
[    1.610906] pci 0000:00:16.2: PCI bridge to [bus 0d]
[    1.611312] pci 0000:00:16.3: PCI bridge to [bus 0e]
[    1.611747] pci 0000:00:16.4: PCI bridge to [bus 0f]
[    1.612276] pci 0000:00:16.5: PCI bridge to [bus 10]
[    1.612662] pci 0000:00:16.6: PCI bridge to [bus 11]
[    1.613042] pci 0000:00:16.7: PCI bridge to [bus 12]
[    1.613455] pci 0000:00:17.0: PCI bridge to [bus 13]
[    1.613850] pci 0000:00:17.1: PCI bridge to [bus 14]
[    1.614295] pci 0000:00:17.2: PCI bridge to [bus 15]
[    1.614679] pci 0000:00:17.3: PCI bridge to [bus 16]
[    1.615042] pci 0000:00:17.4: PCI bridge to [bus 17]
[    1.615449] pci 0000:00:17.5: PCI bridge to [bus 18]
[    1.615844] pci 0000:00:17.6: PCI bridge to [bus 19]
[    1.616305] pci 0000:00:17.7: PCI bridge to [bus 1a]
[    1.616708] pci 0000:00:18.0: PCI bridge to [bus 1b]
[    1.617042] pci 0000:00:18.1: PCI bridge to [bus 1c]
[    1.617444] pci 0000:00:18.2: PCI bridge to [bus 1d]
[    1.617841] pci 0000:00:18.3: PCI bridge to [bus 1e]
[    1.618342] pci 0000:00:18.4: PCI bridge to [bus 1f]
[    1.618846] pci 0000:00:18.5: PCI bridge to [bus 20]
[    1.619227] pci 0000:00:18.6: PCI bridge to [bus 21]
[    1.619645] pci 0000:00:18.7: PCI bridge to [bus 22]
[    1.621896] ACPI: PCI: Interrupt link LNKA configured for IRQ 9
[    1.622009] ACPI: PCI: Interrupt link LNKB configured for IRQ 11
[    1.622132] ACPI: PCI: Interrupt link LNKC configured for IRQ 10
[    1.622241] ACPI: PCI: Interrupt link LNKD configured for IRQ 7
[    1.690199] iommu: Default domain type: Translated
[    1.690199] iommu: DMA domain TLB invalidation policy: lazy mode
[    1.690508] SCSI subsystem initialized
[    1.691229] libata version 3.00 loaded.
[    1.691231] ACPI: bus type USB registered
[    1.691248] usbcore: registered new interface driver usbfs
[    1.691297] usbcore: registered new interface driver hub
[    1.691554] usbcore: registered new device driver usb
[    1.691582] pps_core: LinuxPPS API ver. 1 registered
[    1.691584] pps_core: Software ver. 5.3.6 - Copyright 2005-2007 Rodolfo Giometti <giometti@linux.it>
[    1.691587] PTP clock support registered
[    1.693196] EDAC MC: Ver: 3.0.0
[    1.695730] NetLabel: Initializing
[    1.695732] NetLabel:  domain hash size = 128
[    1.695734] NetLabel:  protocols = UNLABELED CIPSOv4 CALIPSO
[    1.696084] NetLabel:  unlabeled traffic allowed by default
[    1.696194] mctp: management component transport protocol core
[    1.696194] NET: Registered PF_MCTP protocol family
[    1.696194] PCI: Using ACPI for IRQ routing
[    1.706282] PCI: pci_cache_line_size set to 64 bytes
[    1.707535] e820: reserve RAM buffer [mem 0x0009e800-0x0009ffff]
[    1.707538] e820: reserve RAM buffer [mem 0xbfed0000-0xbfffffff]
[    1.707540] e820: reserve RAM buffer [mem 0x2e3c00000-0x2e3ffffff]
[    1.707575] pci 0000:00:0f.0: vgaarb: setting as boot VGA device
[    1.707575] pci 0000:00:0f.0: vgaarb: bridge control possible
[    1.707575] pci 0000:00:0f.0: vgaarb: VGA device added: decodes=io+mem,owns=io+mem,locks=none
[    1.707575] vgaarb: loaded
[    1.708083] hpet0: at MMIO 0xfed00000, IRQs 2, 8, 0, 0, 0, 0, 0, 0, 0, 0, 0, 0, 0, 0, 0, 0
[    1.708106] hpet0: 16 comparators, 64-bit 14.318180 MHz counter
[    1.710114] clocksource: Switched to clocksource tsc-early
[    1.711650] VFS: Disk quotas dquot_6.6.0
[    1.711723] VFS: Dquot-cache hash table entries: 512 (order 0, 4096 bytes)
[    1.712542] AppArmor: AppArmor Filesystem Enabled
[    1.712565] pnp: PnP ACPI init
[    1.712993] system 00:00: [io  0x1000-0x103f] has been reserved
[    1.712997] system 00:00: [io  0x1040-0x104f] has been reserved
[    1.713000] system 00:00: [io  0x0cf0-0x0cf1] has been reserved
[    1.713446] system 00:04: [mem 0xfed00000-0xfed003ff] has been reserved
[    1.716588] pnp 00:06: [dma 2]
[    1.717100] system 00:07: [io  0xfce0-0xfcff] has been reserved
[    1.717122] system 00:07: [mem 0xf0000000-0xf7ffffff] has been reserved
[    1.717126] system 00:07: [mem 0xfe800000-0xfe9fffff] has been reserved
[    1.762354] pnp: PnP ACPI: found 8 devices
[    1.773849] clocksource: acpi_pm: mask: 0xffffff max_cycles: 0xffffff, max_idle_ns: 2085701024 ns
[    1.774015] NET: Registered PF_INET protocol family
[    1.780208] IP idents hash table entries: 262144 (order: 9, 2097152 bytes, linear)
[    1.811126] tcp_listen_portaddr_hash hash table entries: 8192 (order: 5, 131072 bytes, linear)
[    1.811147] Table-perturb hash table entries: 65536 (order: 6, 262144 bytes, linear)
[    1.811172] TCP established hash table entries: 131072 (order: 8, 1048576 bytes, linear)
[    1.817224] TCP bind hash table entries: 65536 (order: 9, 2097152 bytes, linear)
[    1.817316] TCP: Hash tables configured (established 131072 bind 65536)
[    1.818253] MPTCP token hash table entries: 16384 (order: 6, 393216 bytes, linear)
[    1.818293] UDP hash table entries: 8192 (order: 6, 262144 bytes, linear)
[    1.819104] UDP-Lite hash table entries: 8192 (order: 6, 262144 bytes, linear)
[    1.819660] NET: Registered PF_UNIX/PF_LOCAL protocol family
[    1.819669] NET: Registered PF_XDP protocol family
[    1.819672] pci 0000:00:15.0: bridge window [io  0x1000-0x0fff] to [bus 03] add_size 1000
[    1.819672] pci 0000:00:15.0: bridge window [mem 0x00100000-0x000fffff 64bit pref] to [bus 03] add_size 200000 add_align 100000
[    1.819672] pci 0000:00:15.3: bridge window [io  0x1000-0x0fff] to [bus 06] add_size 1000
[    1.819672] pci 0000:00:15.4: bridge window [io  0x1000-0x0fff] to [bus 07] add_size 1000
[    1.819672] pci 0000:00:15.5: bridge window [io  0x1000-0x0fff] to [bus 08] add_size 1000
[    1.819672] pci 0000:00:15.6: bridge window [io  0x1000-0x0fff] to [bus 09] add_size 1000
[    1.819672] pci 0000:00:15.7: bridge window [io  0x1000-0x0fff] to [bus 0a] add_size 1000
[    1.819672] pci 0000:00:16.3: bridge window [io  0x1000-0x0fff] to [bus 0e] add_size 1000
[    1.819672] pci 0000:00:16.4: bridge window [io  0x1000-0x0fff] to [bus 0f] add_size 1000
[    1.819672] pci 0000:00:16.5: bridge window [io  0x1000-0x0fff] to [bus 10] add_size 1000
[    1.819672] pci 0000:00:16.6: bridge window [io  0x1000-0x0fff] to [bus 11] add_size 1000
[    1.819672] pci 0000:00:16.7: bridge window [io  0x1000-0x0fff] to [bus 12] add_size 1000
[    1.819672] pci 0000:00:17.3: bridge window [io  0x1000-0x0fff] to [bus 16] add_size 1000
[    1.819761] pci 0000:00:17.4: bridge window [io  0x1000-0x0fff] to [bus 17] add_size 1000
[    1.819764] pci 0000:00:17.5: bridge window [io  0x1000-0x0fff] to [bus 18] add_size 1000
[    1.819767] pci 0000:00:17.6: bridge window [io  0x1000-0x0fff] to [bus 19] add_size 1000
[    1.819770] pci 0000:00:17.7: bridge window [io  0x1000-0x0fff] to [bus 1a] add_size 1000
[    1.819773] pci 0000:00:18.3: bridge window [io  0x1000-0x0fff] to [bus 1e] add_size 1000
[    1.819776] pci 0000:00:18.4: bridge window [io  0x1000-0x0fff] to [bus 1f] add_size 1000
[    1.819779] pci 0000:00:18.5: bridge window [io  0x1000-0x0fff] to [bus 20] add_size 1000
[    1.819782] pci 0000:00:18.6: bridge window [io  0x1000-0x0fff] to [bus 21] add_size 1000
[    1.819785] pci 0000:00:18.7: bridge window [io  0x1000-0x0fff] to [bus 22] add_size 1000
[    1.819802] pci 0000:00:15.0: bridge window [mem 0xc0000000-0xc01fffff 64bit pref]: assigned
[    1.819806] pci 0000:00:10.0: ROM [mem 0xc0200000-0xc0203fff pref]: assigned
[    1.819810] pci 0000:00:15.0: bridge window [io  size 0x1000]: can't assign; no space
[    1.819813] pci 0000:00:15.0: bridge window [io  size 0x1000]: failed to assign
[    1.819816] pci 0000:00:15.3: bridge window [io  size 0x1000]: can't assign; no space
[    1.819818] pci 0000:00:15.3: bridge window [io  size 0x1000]: failed to assign
[    1.819821] pci 0000:00:15.4: bridge window [io  size 0x1000]: can't assign; no space
[    1.819823] pci 0000:00:15.4: bridge window [io  size 0x1000]: failed to assign
[    1.819826] pci 0000:00:15.5: bridge window [io  size 0x1000]: can't assign; no space
[    1.819828] pci 0000:00:15.5: bridge window [io  size 0x1000]: failed to assign
[    1.819831] pci 0000:00:15.6: bridge window [io  size 0x1000]: can't assign; no space
[    1.819833] pci 0000:00:15.6: bridge window [io  size 0x1000]: failed to assign
[    1.819836] pci 0000:00:15.7: bridge window [io  size 0x1000]: can't assign; no space
[    1.819838] pci 0000:00:15.7: bridge window [io  size 0x1000]: failed to assign
[    1.819841] pci 0000:00:16.3: bridge window [io  size 0x1000]: can't assign; no space
[    1.819843] pci 0000:00:16.3: bridge window [io  size 0x1000]: failed to assign
[    1.819846] pci 0000:00:16.4: bridge window [io  size 0x1000]: can't assign; no space
[    1.819848] pci 0000:00:16.4: bridge window [io  size 0x1000]: failed to assign
[    1.819851] pci 0000:00:16.5: bridge window [io  size 0x1000]: can't assign; no space
[    1.819853] pci 0000:00:16.5: bridge window [io  size 0x1000]: failed to assign
[    1.819856] pci 0000:00:16.6: bridge window [io  size 0x1000]: can't assign; no space
[    1.819858] pci 0000:00:16.6: bridge window [io  size 0x1000]: failed to assign
[    1.819861] pci 0000:00:16.7: bridge window [io  size 0x1000]: can't assign; no space
[    1.819863] pci 0000:00:16.7: bridge window [io  size 0x1000]: failed to assign
[    1.819866] pci 0000:00:17.3: bridge window [io  size 0x1000]: can't assign; no space
[    1.819869] pci 0000:00:17.3: bridge window [io  size 0x1000]: failed to assign
[    1.819872] pci 0000:00:17.4: bridge window [io  size 0x1000]: can't assign; no space
[    1.819874] pci 0000:00:17.4: bridge window [io  size 0x1000]: failed to assign
[    1.819877] pci 0000:00:17.5: bridge window [io  size 0x1000]: can't assign; no space
[    1.819879] pci 0000:00:17.5: bridge window [io  size 0x1000]: failed to assign
[    1.819882] pci 0000:00:17.6: bridge window [io  size 0x1000]: can't assign; no space
[    1.819884] pci 0000:00:17.6: bridge window [io  size 0x1000]: failed to assign
[    1.819887] pci 0000:00:17.7: bridge window [io  size 0x1000]: can't assign; no space
[    1.819889] pci 0000:00:17.7: bridge window [io  size 0x1000]: failed to assign
[    1.819892] pci 0000:00:18.3: bridge window [io  size 0x1000]: can't assign; no space
[    1.819894] pci 0000:00:18.3: bridge window [io  size 0x1000]: failed to assign
[    1.819906] pci 0000:00:18.4: bridge window [io  size 0x1000]: can't assign; no space
[    1.819908] pci 0000:00:18.4: bridge window [io  size 0x1000]: failed to assign
[    1.819911] pci 0000:00:18.5: bridge window [io  size 0x1000]: can't assign; no space
[    1.819913] pci 0000:00:18.5: bridge window [io  size 0x1000]: failed to assign
[    1.819916] pci 0000:00:18.6: bridge window [io  size 0x1000]: can't assign; no space
[    1.819918] pci 0000:00:18.6: bridge window [io  size 0x1000]: failed to assign
[    1.819921] pci 0000:00:18.7: bridge window [io  size 0x1000]: can't assign; no space
[    1.819923] pci 0000:00:18.7: bridge window [io  size 0x1000]: failed to assign
[    1.819928] pci 0000:00:18.7: bridge window [io  size 0x1000]: can't assign; no space
[    1.819930] pci 0000:00:18.7: bridge window [io  size 0x1000]: failed to assign
[    1.819933] pci 0000:00:18.6: bridge window [io  size 0x1000]: can't assign; no space
[    1.819935] pci 0000:00:18.6: bridge window [io  size 0x1000]: failed to assign
[    1.819938] pci 0000:00:18.5: bridge window [io  size 0x1000]: can't assign; no space
[    1.819940] pci 0000:00:18.5: bridge window [io  size 0x1000]: failed to assign
[    1.819943] pci 0000:00:18.4: bridge window [io  size 0x1000]: can't assign; no space
[    1.819945] pci 0000:00:18.4: bridge window [io  size 0x1000]: failed to assign
[    1.819948] pci 0000:00:18.3: bridge window [io  size 0x1000]: can't assign; no space
[    1.819950] pci 0000:00:18.3: bridge window [io  size 0x1000]: failed to assign
[    1.819953] pci 0000:00:17.7: bridge window [io  size 0x1000]: can't assign; no space
[    1.819955] pci 0000:00:17.7: bridge window [io  size 0x1000]: failed to assign
[    1.819958] pci 0000:00:17.6: bridge window [io  size 0x1000]: can't assign; no space
[    1.819960] pci 0000:00:17.6: bridge window [io  size 0x1000]: failed to assign
[    1.819963] pci 0000:00:17.5: bridge window [io  size 0x1000]: can't assign; no space
[    1.819965] pci 0000:00:17.5: bridge window [io  size 0x1000]: failed to assign
[    1.819968] pci 0000:00:17.4: bridge window [io  size 0x1000]: can't assign; no space
[    1.819970] pci 0000:00:17.4: bridge window [io  size 0x1000]: failed to assign
[    1.819973] pci 0000:00:17.3: bridge window [io  size 0x1000]: can't assign; no space
[    1.819975] pci 0000:00:17.3: bridge window [io  size 0x1000]: failed to assign
[    1.819979] pci 0000:00:16.7: bridge window [io  size 0x1000]: can't assign; no space
[    1.819981] pci 0000:00:16.7: bridge window [io  size 0x1000]: failed to assign
[    1.819984] pci 0000:00:16.6: bridge window [io  size 0x1000]: can't assign; no space
[    1.819986] pci 0000:00:16.6: bridge window [io  size 0x1000]: failed to assign
[    1.819989] pci 0000:00:16.5: bridge window [io  size 0x1000]: can't assign; no space
[    1.819991] pci 0000:00:16.5: bridge window [io  size 0x1000]: failed to assign
[    1.819994] pci 0000:00:16.4: bridge window [io  size 0x1000]: can't assign; no space
[    1.819996] pci 0000:00:16.4: bridge window [io  size 0x1000]: failed to assign
[    1.819999] pci 0000:00:16.3: bridge window [io  size 0x1000]: can't assign; no space
[    1.820001] pci 0000:00:16.3: bridge window [io  size 0x1000]: failed to assign
[    1.820004] pci 0000:00:15.7: bridge window [io  size 0x1000]: can't assign; no space
[    1.820006] pci 0000:00:15.7: bridge window [io  size 0x1000]: failed to assign
[    1.820009] pci 0000:00:15.6: bridge window [io  size 0x1000]: can't assign; no space
[    1.820011] pci 0000:00:15.6: bridge window [io  size 0x1000]: failed to assign
[    1.820014] pci 0000:00:15.5: bridge window [io  size 0x1000]: can't assign; no space
[    1.820016] pci 0000:00:15.5: bridge window [io  size 0x1000]: failed to assign
[    1.820019] pci 0000:00:15.4: bridge window [io  size 0x1000]: can't assign; no space
[    1.820021] pci 0000:00:15.4: bridge window [io  size 0x1000]: failed to assign
[    1.820024] pci 0000:00:15.3: bridge window [io  size 0x1000]: can't assign; no space
[    1.820026] pci 0000:00:15.3: bridge window [io  size 0x1000]: failed to assign
[    1.820029] pci 0000:00:15.0: bridge window [io  size 0x1000]: can't assign; no space
[    1.820031] pci 0000:00:15.0: bridge window [io  size 0x1000]: failed to assign
[    1.820034] pci 0000:00:01.0: PCI bridge to [bus 01]
[    1.820110] pci 0000:02:01.0: ROM [mem 0xfd500000-0xfd50ffff pref]: assigned
[    1.820113] pci 0000:02:04.0: ROM [mem 0xfd510000-0xfd51ffff pref]: assigned
[    1.820116] pci 0000:00:11.0: PCI bridge to [bus 02]
[    1.820127] pci 0000:00:11.0:   bridge window [io  0x2000-0x3fff]
[    1.820152] pci 0000:00:11.0:   bridge window [mem 0xfd500000-0xfdffffff]
[    1.820170] pci 0000:00:11.0:   bridge window [mem 0xe7b00000-0xe7ffffff 64bit pref]
[    1.820203] pci 0000:00:15.0: PCI bridge to [bus 03]
[    1.820228] pci 0000:00:15.0:   bridge window [mem 0xfd400000-0xfd4fffff]
[    1.820245] pci 0000:00:15.0:   bridge window [mem 0xc0000000-0xc01fffff 64bit pref]
[    1.820304] pci 0000:00:15.1: PCI bridge to [bus 04]
[    1.820314] pci 0000:00:15.1:   bridge window [io  0x7000-0x7fff]
[    1.820339] pci 0000:00:15.1:   bridge window [mem 0xfd000000-0xfd0fffff]
[    1.820357] pci 0000:00:15.1:   bridge window [mem 0xe7700000-0xe77fffff 64bit pref]
[    1.820403] pci 0000:00:15.2: PCI bridge to [bus 05]
[    1.820414] pci 0000:00:15.2:   bridge window [io  0xb000-0xbfff]
[    1.820439] pci 0000:00:15.2:   bridge window [mem 0xfcc00000-0xfccfffff]
[    1.820456] pci 0000:00:15.2:   bridge window [mem 0xe7300000-0xe73fffff 64bit pref]
[    1.820496] pci 0000:00:15.3: PCI bridge to [bus 06]
[    1.820521] pci 0000:00:15.3:   bridge window [mem 0xfc800000-0xfc8fffff]
[    1.820539] pci 0000:00:15.3:   bridge window [mem 0xe6f00000-0xe6ffffff 64bit pref]
[    1.820579] pci 0000:00:15.4: PCI bridge to [bus 07]
[    1.820604] pci 0000:00:15.4:   bridge window [mem 0xfc400000-0xfc4fffff]
[    1.820622] pci 0000:00:15.4:   bridge window [mem 0xe6b00000-0xe6bfffff 64bit pref]
[    1.820668] pci 0000:00:15.5: PCI bridge to [bus 08]
[    1.820693] pci 0000:00:15.5:   bridge window [mem 0xfc000000-0xfc0fffff]
[    1.820711] pci 0000:00:15.5:   bridge window [mem 0xe6700000-0xe67fffff 64bit pref]
[    1.820751] pci 0000:00:15.6: PCI bridge to [bus 09]
[    1.820776] pci 0000:00:15.6:   bridge window [mem 0xfbc00000-0xfbcfffff]
[    1.820794] pci 0000:00:15.6:   bridge window [mem 0xe6300000-0xe63fffff 64bit pref]
[    1.820834] pci 0000:00:15.7: PCI bridge to [bus 0a]
[    1.820859] pci 0000:00:15.7:   bridge window [mem 0xfb800000-0xfb8fffff]
[    1.820879] pci 0000:00:15.7:   bridge window [mem 0xe5f00000-0xe5ffffff 64bit pref]
[    1.820926] pci 0000:00:16.0: PCI bridge to [bus 0b]
[    1.820936] pci 0000:00:16.0:   bridge window [io  0x4000-0x4fff]
[    1.820961] pci 0000:00:16.0:   bridge window [mem 0xfd300000-0xfd3fffff]
[    1.820978] pci 0000:00:16.0:   bridge window [mem 0xe7a00000-0xe7afffff 64bit pref]
[    1.821018] pci 0000:00:16.1: PCI bridge to [bus 0c]
[    1.821028] pci 0000:00:16.1:   bridge window [io  0x8000-0x8fff]
[    1.821053] pci 0000:00:16.1:   bridge window [mem 0xfcf00000-0xfcffffff]
[    1.821071] pci 0000:00:16.1:   bridge window [mem 0xe7600000-0xe76fffff 64bit pref]
[    1.821110] pci 0000:00:16.2: PCI bridge to [bus 0d]
[    1.821120] pci 0000:00:16.2:   bridge window [io  0xc000-0xcfff]
[    1.821145] pci 0000:00:16.2:   bridge window [mem 0xfcb00000-0xfcbfffff]
[    1.821163] pci 0000:00:16.2:   bridge window [mem 0xe7200000-0xe72fffff 64bit pref]
[    1.821202] pci 0000:00:16.3: PCI bridge to [bus 0e]
[    1.821227] pci 0000:00:16.3:   bridge window [mem 0xfc700000-0xfc7fffff]
[    1.821244] pci 0000:00:16.3:   bridge window [mem 0xe6e00000-0xe6efffff 64bit pref]
[    1.821284] pci 0000:00:16.4: PCI bridge to [bus 0f]
[    1.821309] pci 0000:00:16.4:   bridge window [mem 0xfc300000-0xfc3fffff]
[    1.821327] pci 0000:00:16.4:   bridge window [mem 0xe6a00000-0xe6afffff 64bit pref]
[    1.821366] pci 0000:00:16.5: PCI bridge to [bus 10]
[    1.821391] pci 0000:00:16.5:   bridge window [mem 0xfbf00000-0xfbffffff]
[    1.821409] pci 0000:00:16.5:   bridge window [mem 0xe6600000-0xe66fffff 64bit pref]
[    1.821449] pci 0000:00:16.6: PCI bridge to [bus 11]
[    1.821474] pci 0000:00:16.6:   bridge window [mem 0xfbb00000-0xfbbfffff]
[    1.821491] pci 0000:00:16.6:   bridge window [mem 0xe6200000-0xe62fffff 64bit pref]
[    1.821531] pci 0000:00:16.7: PCI bridge to [bus 12]
[    1.821556] pci 0000:00:16.7:   bridge window [mem 0xfb700000-0xfb7fffff]
[    1.821573] pci 0000:00:16.7:   bridge window [mem 0xe5e00000-0xe5efffff 64bit pref]
[    1.821613] pci 0000:00:17.0: PCI bridge to [bus 13]
[    1.821623] pci 0000:00:17.0:   bridge window [io  0x5000-0x5fff]
[    1.821648] pci 0000:00:17.0:   bridge window [mem 0xfd200000-0xfd2fffff]
[    1.821671] pci 0000:00:17.0:   bridge window [mem 0xe7900000-0xe79fffff 64bit pref]
[    1.821711] pci 0000:00:17.1: PCI bridge to [bus 14]
[    1.821721] pci 0000:00:17.1:   bridge window [io  0x9000-0x9fff]
[    1.821746] pci 0000:00:17.1:   bridge window [mem 0xfce00000-0xfcefffff]
[    1.821763] pci 0000:00:17.1:   bridge window [mem 0xe7500000-0xe75fffff 64bit pref]
[    1.821803] pci 0000:00:17.2: PCI bridge to [bus 15]
[    1.821813] pci 0000:00:17.2:   bridge window [io  0xd000-0xdfff]
[    1.821838] pci 0000:00:17.2:   bridge window [mem 0xfca00000-0xfcafffff]
[    1.821855] pci 0000:00:17.2:   bridge window [mem 0xe7100000-0xe71fffff 64bit pref]
[    1.821895] pci 0000:00:17.3: PCI bridge to [bus 16]
[    1.821926] pci 0000:00:17.3:   bridge window [mem 0xfc600000-0xfc6fffff]
[    1.821944] pci 0000:00:17.3:   bridge window [mem 0xe6d00000-0xe6dfffff 64bit pref]
[    1.821984] pci 0000:00:17.4: PCI bridge to [bus 17]
[    1.822008] pci 0000:00:17.4:   bridge window [mem 0xfc200000-0xfc2fffff]
[    1.822024] pci 0000:00:17.4:   bridge window [mem 0xe6900000-0xe69fffff 64bit pref]
[    1.822062] pci 0000:00:17.5: PCI bridge to [bus 18]
[    1.822085] pci 0000:00:17.5:   bridge window [mem 0xfbe00000-0xfbefffff]
[    1.822102] pci 0000:00:17.5:   bridge window [mem 0xe6500000-0xe65fffff 64bit pref]
[    1.822139] pci 0000:00:17.6: PCI bridge to [bus 19]
[    1.822163] pci 0000:00:17.6:   bridge window [mem 0xfba00000-0xfbafffff]
[    1.822179] pci 0000:00:17.6:   bridge window [mem 0xe6100000-0xe61fffff 64bit pref]
[    1.822217] pci 0000:00:17.7: PCI bridge to [bus 1a]
[    1.822240] pci 0000:00:17.7:   bridge window [mem 0xfb600000-0xfb6fffff]
[    1.822257] pci 0000:00:17.7:   bridge window [mem 0xe5d00000-0xe5dfffff 64bit pref]
[    1.822294] pci 0000:00:18.0: PCI bridge to [bus 1b]
[    1.822304] pci 0000:00:18.0:   bridge window [io  0x6000-0x6fff]
[    1.822327] pci 0000:00:18.0:   bridge window [mem 0xfd100000-0xfd1fffff]
[    1.822344] pci 0000:00:18.0:   bridge window [mem 0xe7800000-0xe78fffff 64bit pref]
[    1.822381] pci 0000:00:18.1: PCI bridge to [bus 1c]
[    1.822391] pci 0000:00:18.1:   bridge window [io  0xa000-0xafff]
[    1.822420] pci 0000:00:18.1:   bridge window [mem 0xfcd00000-0xfcdfffff]
[    1.822437] pci 0000:00:18.1:   bridge window [mem 0xe7400000-0xe74fffff 64bit pref]
[    1.822474] pci 0000:00:18.2: PCI bridge to [bus 1d]
[    1.822483] pci 0000:00:18.2:   bridge window [io  0xe000-0xefff]
[    1.822507] pci 0000:00:18.2:   bridge window [mem 0xfc900000-0xfc9fffff]
[    1.822523] pci 0000:00:18.2:   bridge window [mem 0xe7000000-0xe70fffff 64bit pref]
[    1.822561] pci 0000:00:18.3: PCI bridge to [bus 1e]
[    1.822584] pci 0000:00:18.3:   bridge window [mem 0xfc500000-0xfc5fffff]
[    1.822601] pci 0000:00:18.3:   bridge window [mem 0xe6c00000-0xe6cfffff 64bit pref]
[    1.822638] pci 0000:00:18.4: PCI bridge to [bus 1f]
[    1.822667] pci 0000:00:18.4:   bridge window [mem 0xfc100000-0xfc1fffff]
[    1.822684] pci 0000:00:18.4:   bridge window [mem 0xe6800000-0xe68fffff 64bit pref]
[    1.822721] pci 0000:00:18.5: PCI bridge to [bus 20]
[    1.822745] pci 0000:00:18.5:   bridge window [mem 0xfbd00000-0xfbdfffff]
[    1.822762] pci 0000:00:18.5:   bridge window [mem 0xe6400000-0xe64fffff 64bit pref]
[    1.822799] pci 0000:00:18.6: PCI bridge to [bus 21]
[    1.822823] pci 0000:00:18.6:   bridge window [mem 0xfb900000-0xfb9fffff]
[    1.822840] pci 0000:00:18.6:   bridge window [mem 0xe6000000-0xe60fffff 64bit pref]
[    1.822877] pci 0000:00:18.7: PCI bridge to [bus 22]
[    1.822906] pci 0000:00:18.7:   bridge window [mem 0xfb500000-0xfb5fffff]
[    1.822923] pci 0000:00:18.7:   bridge window [mem 0xe5c00000-0xe5cfffff 64bit pref]
[    1.822960] pci_bus 0000:00: resource 4 [mem 0x000a0000-0x000bffff window]
[    1.822963] pci_bus 0000:00: resource 5 [mem 0x000d0000-0x000dbfff window]
[    1.822965] pci_bus 0000:00: resource 6 [mem 0xc0000000-0xfebfffff window]
[    1.822967] pci_bus 0000:00: resource 7 [io  0x0000-0x0cf7 window]
[    1.822969] pci_bus 0000:00: resource 8 [io  0x0d00-0xfeff window]
[    1.822972] pci_bus 0000:02: resource 0 [io  0x2000-0x3fff]
[    1.822974] pci_bus 0000:02: resource 1 [mem 0xfd500000-0xfdffffff]
[    1.822976] pci_bus 0000:02: resource 2 [mem 0xe7b00000-0xe7ffffff 64bit pref]
[    1.822978] pci_bus 0000:02: resource 4 [mem 0x000a0000-0x000bffff window]
[    1.822980] pci_bus 0000:02: resource 5 [mem 0x000d0000-0x000dbfff window]
[    1.822982] pci_bus 0000:02: resource 6 [mem 0xc0000000-0xfebfffff window]
[    1.822984] pci_bus 0000:02: resource 7 [io  0x0000-0x0cf7 window]
[    1.822986] pci_bus 0000:02: resource 8 [io  0x0d00-0xfeff window]
[    1.822988] pci_bus 0000:03: resource 1 [mem 0xfd400000-0xfd4fffff]
[    1.822990] pci_bus 0000:03: resource 2 [mem 0xc0000000-0xc01fffff 64bit pref]
[    1.822992] pci_bus 0000:04: resource 0 [io  0x7000-0x7fff]
[    1.822994] pci_bus 0000:04: resource 1 [mem 0xfd000000-0xfd0fffff]
[    1.822996] pci_bus 0000:04: resource 2 [mem 0xe7700000-0xe77fffff 64bit pref]
[    1.822998] pci_bus 0000:05: resource 0 [io  0xb000-0xbfff]
[    1.823000] pci_bus 0000:05: resource 1 [mem 0xfcc00000-0xfccfffff]
[    1.823002] pci_bus 0000:05: resource 2 [mem 0xe7300000-0xe73fffff 64bit pref]
[    1.823004] pci_bus 0000:06: resource 1 [mem 0xfc800000-0xfc8fffff]
[    1.823006] pci_bus 0000:06: resource 2 [mem 0xe6f00000-0xe6ffffff 64bit pref]
[    1.823008] pci_bus 0000:07: resource 1 [mem 0xfc400000-0xfc4fffff]
[    1.823010] pci_bus 0000:07: resource 2 [mem 0xe6b00000-0xe6bfffff 64bit pref]
[    1.823012] pci_bus 0000:08: resource 1 [mem 0xfc000000-0xfc0fffff]
[    1.823014] pci_bus 0000:08: resource 2 [mem 0xe6700000-0xe67fffff 64bit pref]
[    1.823017] pci_bus 0000:09: resource 1 [mem 0xfbc00000-0xfbcfffff]
[    1.823019] pci_bus 0000:09: resource 2 [mem 0xe6300000-0xe63fffff 64bit pref]
[    1.823021] pci_bus 0000:0a: resource 1 [mem 0xfb800000-0xfb8fffff]
[    1.823023] pci_bus 0000:0a: resource 2 [mem 0xe5f00000-0xe5ffffff 64bit pref]
[    1.823025] pci_bus 0000:0b: resource 0 [io  0x4000-0x4fff]
[    1.823027] pci_bus 0000:0b: resource 1 [mem 0xfd300000-0xfd3fffff]
[    1.823029] pci_bus 0000:0b: resource 2 [mem 0xe7a00000-0xe7afffff 64bit pref]
[    1.823031] pci_bus 0000:0c: resource 0 [io  0x8000-0x8fff]
[    1.823033] pci_bus 0000:0c: resource 1 [mem 0xfcf00000-0xfcffffff]
[    1.823035] pci_bus 0000:0c: resource 2 [mem 0xe7600000-0xe76fffff 64bit pref]
[    1.823037] pci_bus 0000:0d: resource 0 [io  0xc000-0xcfff]
[    1.823039] pci_bus 0000:0d: resource 1 [mem 0xfcb00000-0xfcbfffff]
[    1.823041] pci_bus 0000:0d: resource 2 [mem 0xe7200000-0xe72fffff 64bit pref]
[    1.823043] pci_bus 0000:0e: resource 1 [mem 0xfc700000-0xfc7fffff]
[    1.823045] pci_bus 0000:0e: resource 2 [mem 0xe6e00000-0xe6efffff 64bit pref]
[    1.823047] pci_bus 0000:0f: resource 1 [mem 0xfc300000-0xfc3fffff]
[    1.823049] pci_bus 0000:0f: resource 2 [mem 0xe6a00000-0xe6afffff 64bit pref]
[    1.823051] pci_bus 0000:10: resource 1 [mem 0xfbf00000-0xfbffffff]
[    1.823053] pci_bus 0000:10: resource 2 [mem 0xe6600000-0xe66fffff 64bit pref]
[    1.823055] pci_bus 0000:11: resource 1 [mem 0xfbb00000-0xfbbfffff]
[    1.823057] pci_bus 0000:11: resource 2 [mem 0xe6200000-0xe62fffff 64bit pref]
[    1.823059] pci_bus 0000:12: resource 1 [mem 0xfb700000-0xfb7fffff]
[    1.823061] pci_bus 0000:12: resource 2 [mem 0xe5e00000-0xe5efffff 64bit pref]
[    1.823063] pci_bus 0000:13: resource 0 [io  0x5000-0x5fff]
[    1.823065] pci_bus 0000:13: resource 1 [mem 0xfd200000-0xfd2fffff]
[    1.823067] pci_bus 0000:13: resource 2 [mem 0xe7900000-0xe79fffff 64bit pref]
[    1.823069] pci_bus 0000:14: resource 0 [io  0x9000-0x9fff]
[    1.823071] pci_bus 0000:14: resource 1 [mem 0xfce00000-0xfcefffff]
[    1.823073] pci_bus 0000:14: resource 2 [mem 0xe7500000-0xe75fffff 64bit pref]
[    1.823075] pci_bus 0000:15: resource 0 [io  0xd000-0xdfff]
[    1.823077] pci_bus 0000:15: resource 1 [mem 0xfca00000-0xfcafffff]
[    1.823079] pci_bus 0000:15: resource 2 [mem 0xe7100000-0xe71fffff 64bit pref]
[    1.823081] pci_bus 0000:16: resource 1 [mem 0xfc600000-0xfc6fffff]
[    1.823083] pci_bus 0000:16: resource 2 [mem 0xe6d00000-0xe6dfffff 64bit pref]
[    1.823085] pci_bus 0000:17: resource 1 [mem 0xfc200000-0xfc2fffff]
[    1.823087] pci_bus 0000:17: resource 2 [mem 0xe6900000-0xe69fffff 64bit pref]
[    1.823089] pci_bus 0000:18: resource 1 [mem 0xfbe00000-0xfbefffff]
[    1.823091] pci_bus 0000:18: resource 2 [mem 0xe6500000-0xe65fffff 64bit pref]
[    1.823093] pci_bus 0000:19: resource 1 [mem 0xfba00000-0xfbafffff]
[    1.823095] pci_bus 0000:19: resource 2 [mem 0xe6100000-0xe61fffff 64bit pref]
[    1.823098] pci_bus 0000:1a: resource 1 [mem 0xfb600000-0xfb6fffff]
[    1.823099] pci_bus 0000:1a: resource 2 [mem 0xe5d00000-0xe5dfffff 64bit pref]
[    1.823102] pci_bus 0000:1b: resource 0 [io  0x6000-0x6fff]
[    1.823103] pci_bus 0000:1b: resource 1 [mem 0xfd100000-0xfd1fffff]
[    1.823105] pci_bus 0000:1b: resource 2 [mem 0xe7800000-0xe78fffff 64bit pref]
[    1.823108] pci_bus 0000:1c: resource 0 [io  0xa000-0xafff]
[    1.823109] pci_bus 0000:1c: resource 1 [mem 0xfcd00000-0xfcdfffff]
[    1.823111] pci_bus 0000:1c: resource 2 [mem 0xe7400000-0xe74fffff 64bit pref]
[    1.823114] pci_bus 0000:1d: resource 0 [io  0xe000-0xefff]
[    1.823115] pci_bus 0000:1d: resource 1 [mem 0xfc900000-0xfc9fffff]
[    1.823117] pci_bus 0000:1d: resource 2 [mem 0xe7000000-0xe70fffff 64bit pref]
[    1.823119] pci_bus 0000:1e: resource 1 [mem 0xfc500000-0xfc5fffff]
[    1.823121] pci_bus 0000:1e: resource 2 [mem 0xe6c00000-0xe6cfffff 64bit pref]
[    1.823124] pci_bus 0000:1f: resource 1 [mem 0xfc100000-0xfc1fffff]
[    1.823125] pci_bus 0000:1f: resource 2 [mem 0xe6800000-0xe68fffff 64bit pref]
[    1.823128] pci_bus 0000:20: resource 1 [mem 0xfbd00000-0xfbdfffff]
[    1.823130] pci_bus 0000:20: resource 2 [mem 0xe6400000-0xe64fffff 64bit pref]
[    1.823132] pci_bus 0000:21: resource 1 [mem 0xfb900000-0xfb9fffff]
[    1.823134] pci_bus 0000:21: resource 2 [mem 0xe6000000-0xe60fffff 64bit pref]
[    1.823136] pci_bus 0000:22: resource 1 [mem 0xfb500000-0xfb5fffff]
[    1.823138] pci_bus 0000:22: resource 2 [mem 0xe5c00000-0xe5cfffff 64bit pref]
[    1.823501] pci 0000:00:00.0: Limiting direct PCI/PCI transfers
[    1.825482] pci 0000:02:01.0: CLS mismatch (32 != 64), using 64 bytes
[    1.828370] PCI-DMA: Using software bounce buffering for IO (SWIOTLB)
[    1.828372] software IO TLB: mapped [mem 0x00000000bbed0000-0x00000000bfed0000] (64MB)
[    1.828492] clocksource: tsc: mask: 0xffffffffffffffff max_cycles: 0x6d8cb9ac453, max_idle_ns: 881591099559 ns
[    1.828574] clocksource: Switched to clocksource tsc
[    1.828769] Trying to unpack rootfs image as initramfs...
[    1.834365] Initialise system trusted keyrings
[    1.834461] Key type blacklist registered
[    1.835181] workingset: timestamp_bits=36 max_order=22 bucket_order=0
[    1.835226] zbud: loaded
[    1.836965] squashfs: version 4.0 (2009/01/31) Phillip Lougher
[    1.837607] fuse: init (API version 7.39)
[    1.839041] integrity: Platform Keyring initialized
[    1.839046] integrity: Machine keyring initialized
[    1.851169] Key type asymmetric registered
[    1.851173] Asymmetric key parser 'x509' registered
[    1.851397] Block layer SCSI generic (bsg) driver version 0.4 loaded (major 243)
[    1.851995] io scheduler mq-deadline registered
[    1.857036] pcieport 0000:00:15.0: PME: Signaling with IRQ 24
[    1.857182] pcieport 0000:00:15.0: pciehp: Slot #160 AttnBtn+ PwrCtrl+ MRL- AttnInd- PwrInd- HotPlug+ Surprise- Interlock- NoCompl+ IbPresDis- LLActRep+
[    1.858842] pcieport 0000:00:15.1: PME: Signaling with IRQ 25
[    1.858974] pcieport 0000:00:15.1: pciehp: Slot #161 AttnBtn+ PwrCtrl+ MRL- AttnInd- PwrInd- HotPlug+ Surprise- Interlock- NoCompl+ IbPresDis- LLActRep+
[    1.860057] pcieport 0000:00:15.2: PME: Signaling with IRQ 26
[    1.860151] pcieport 0000:00:15.2: pciehp: Slot #162 AttnBtn+ PwrCtrl+ MRL- AttnInd- PwrInd- HotPlug+ Surprise- Interlock- NoCompl+ IbPresDis- LLActRep+
[    1.861163] pcieport 0000:00:15.3: PME: Signaling with IRQ 27
[    1.861256] pcieport 0000:00:15.3: pciehp: Slot #163 AttnBtn+ PwrCtrl+ MRL- AttnInd- PwrInd- HotPlug+ Surprise- Interlock- NoCompl+ IbPresDis- LLActRep+
[    1.862447] pcieport 0000:00:15.4: PME: Signaling with IRQ 28
[    1.862522] pcieport 0000:00:15.4: pciehp: Slot #164 AttnBtn+ PwrCtrl+ MRL- AttnInd- PwrInd- HotPlug+ Surprise- Interlock- NoCompl+ IbPresDis- LLActRep+
[    1.863595] pcieport 0000:00:15.5: PME: Signaling with IRQ 29
[    1.863677] pcieport 0000:00:15.5: pciehp: Slot #165 AttnBtn+ PwrCtrl+ MRL- AttnInd- PwrInd- HotPlug+ Surprise- Interlock- NoCompl+ IbPresDis- LLActRep+
[    1.864728] pcieport 0000:00:15.6: PME: Signaling with IRQ 30
[    1.864819] pcieport 0000:00:15.6: pciehp: Slot #166 AttnBtn+ PwrCtrl+ MRL- AttnInd- PwrInd- HotPlug+ Surprise- Interlock- NoCompl+ IbPresDis- LLActRep+
[    1.865982] pcieport 0000:00:15.7: PME: Signaling with IRQ 31
[    1.866098] pcieport 0000:00:15.7: pciehp: Slot #167 AttnBtn+ PwrCtrl+ MRL- AttnInd- PwrInd- HotPlug+ Surprise- Interlock- NoCompl+ IbPresDis- LLActRep+
[    1.867100] pcieport 0000:00:16.0: PME: Signaling with IRQ 32
[    1.867174] pcieport 0000:00:16.0: pciehp: Slot #192 AttnBtn+ PwrCtrl+ MRL- AttnInd- PwrInd- HotPlug+ Surprise- Interlock- NoCompl+ IbPresDis- LLActRep+
[    1.868242] pcieport 0000:00:16.1: PME: Signaling with IRQ 33
[    1.868333] pcieport 0000:00:16.1: pciehp: Slot #193 AttnBtn+ PwrCtrl+ MRL- AttnInd- PwrInd- HotPlug+ Surprise- Interlock- NoCompl+ IbPresDis- LLActRep+
[    1.869494] pcieport 0000:00:16.2: PME: Signaling with IRQ 34
[    1.869587] pcieport 0000:00:16.2: pciehp: Slot #194 AttnBtn+ PwrCtrl+ MRL- AttnInd- PwrInd- HotPlug+ Surprise- Interlock- NoCompl+ IbPresDis- LLActRep+
[    1.870780] pcieport 0000:00:16.3: PME: Signaling with IRQ 35
[    1.870876] pcieport 0000:00:16.3: pciehp: Slot #195 AttnBtn+ PwrCtrl+ MRL- AttnInd- PwrInd- HotPlug+ Surprise- Interlock- NoCompl+ IbPresDis- LLActRep+
[    1.871887] pcieport 0000:00:16.4: PME: Signaling with IRQ 36
[    1.871967] pcieport 0000:00:16.4: pciehp: Slot #196 AttnBtn+ PwrCtrl+ MRL- AttnInd- PwrInd- HotPlug+ Surprise- Interlock- NoCompl+ IbPresDis- LLActRep+
[    1.873310] pcieport 0000:00:16.5: PME: Signaling with IRQ 37
[    1.873387] pcieport 0000:00:16.5: pciehp: Slot #197 AttnBtn+ PwrCtrl+ MRL- AttnInd- PwrInd- HotPlug+ Surprise- Interlock- NoCompl+ IbPresDis- LLActRep+
[    1.874401] pcieport 0000:00:16.6: PME: Signaling with IRQ 38
[    1.874500] pcieport 0000:00:16.6: pciehp: Slot #198 AttnBtn+ PwrCtrl+ MRL- AttnInd- PwrInd- HotPlug+ Surprise- Interlock- NoCompl+ IbPresDis- LLActRep+
[    1.875541] pcieport 0000:00:16.7: PME: Signaling with IRQ 39
[    1.875638] pcieport 0000:00:16.7: pciehp: Slot #199 AttnBtn+ PwrCtrl+ MRL- AttnInd- PwrInd- HotPlug+ Surprise- Interlock- NoCompl+ IbPresDis- LLActRep+
[    1.876839] pcieport 0000:00:17.0: PME: Signaling with IRQ 40
